Component: ARM Compiler 5.06 update 6 (build 750) Tool: armlink [4d35ed]

==============================================================================

Section Cross References

    startup_stm32f10x_hd.o(STACK) refers (Special) to heapauxi.o(.text) for __use_two_region_memory
    startup_stm32f10x_hd.o(HEAP) refers (Special) to heapauxi.o(.text) for __use_two_region_memory
    startup_stm32f10x_hd.o(RESET) refers (Special) to heapauxi.o(.text) for __use_two_region_memory
    startup_stm32f10x_hd.o(RESET) refers to startup_stm32f10x_hd.o(STACK) for __initial_sp
    startup_stm32f10x_hd.o(RESET) refers to startup_stm32f10x_hd.o(.text) for Reset_Handler
    startup_stm32f10x_hd.o(RESET) refers to stm32f10x_it.o(i.NMI_Handler) for NMI_Handler
    startup_stm32f10x_hd.o(RESET) refers to stm32f10x_it.o(i.HardFault_Handler) for HardFault_Handler
    startup_stm32f10x_hd.o(RESET) refers to stm32f10x_it.o(i.MemManage_Handler) for MemManage_Handler
    startup_stm32f10x_hd.o(RESET) refers to stm32f10x_it.o(i.BusFault_Handler) for BusFault_Handler
    startup_stm32f10x_hd.o(RESET) refers to stm32f10x_it.o(i.UsageFault_Handler) for UsageFault_Handler
    startup_stm32f10x_hd.o(RESET) refers to stm32f10x_it.o(i.SVC_Handler) for SVC_Handler
    startup_stm32f10x_hd.o(RESET) refers to stm32f10x_it.o(i.DebugMon_Handler) for DebugMon_Handler
    startup_stm32f10x_hd.o(RESET) refers to stm32f10x_it.o(i.PendSV_Handler) for PendSV_Handler
    startup_stm32f10x_hd.o(RESET) refers to stm32f10x_it.o(i.SysTick_Handler) for SysTick_Handler
    startup_stm32f10x_hd.o(RESET) refers to timer.o(i.TIM3_IRQHandler) for TIM3_IRQHandler
    startup_stm32f10x_hd.o(RESET) refers to timer.o(i.TIM4_IRQHandler) for TIM4_IRQHandler
    startup_stm32f10x_hd.o(RESET) refers to usart.o(i.USART1_IRQHandler) for USART1_IRQHandler
    startup_stm32f10x_hd.o(RESET) refers to usart.o(i.USART2_IRQHandler) for USART2_IRQHandler
    startup_stm32f10x_hd.o(RESET) refers to usart.o(i.USART3_IRQHandler) for USART3_IRQHandler
    startup_stm32f10x_hd.o(.text) refers (Special) to heapauxi.o(.text) for __use_two_region_memory
    startup_stm32f10x_hd.o(.text) refers to system_stm32f10x.o(i.SystemInit) for SystemInit
    startup_stm32f10x_hd.o(.text) refers to __main.o(!!!main) for __main
    startup_stm32f10x_hd.o(.text) refers to startup_stm32f10x_hd.o(HEAP) for Heap_Mem
    startup_stm32f10x_hd.o(.text) refers to startup_stm32f10x_hd.o(STACK) for Stack_Mem
    stm32f10x_adc.o(i.ADC_DeInit) refers to stm32f10x_rcc.o(i.RCC_APB2PeriphResetCmd) for RCC_APB2PeriphResetCmd
    stm32f10x_bkp.o(i.BKP_DeInit) refers to stm32f10x_rcc.o(i.RCC_BackupResetCmd) for RCC_BackupResetCmd
    stm32f10x_flash.o(i.FLASH_EnableWriteProtection) refers to stm32f10x_flash.o(i.FLASH_WaitForLastOperation) for FLASH_WaitForLastOperation
    stm32f10x_flash.o(i.FLASH_EraseAllBank1Pages) refers to stm32f10x_flash.o(i.FLASH_WaitForLastBank1Operation) for FLASH_WaitForLastBank1Operation
    stm32f10x_flash.o(i.FLASH_EraseAllPages) refers to stm32f10x_flash.o(i.FLASH_WaitForLastOperation) for FLASH_WaitForLastOperation
    stm32f10x_flash.o(i.FLASH_EraseOptionBytes) refers to stm32f10x_flash.o(i.FLASH_GetReadOutProtectionStatus) for FLASH_GetReadOutProtectionStatus
    stm32f10x_flash.o(i.FLASH_EraseOptionBytes) refers to stm32f10x_flash.o(i.FLASH_WaitForLastOperation) for FLASH_WaitForLastOperation
    stm32f10x_flash.o(i.FLASH_ErasePage) refers to stm32f10x_flash.o(i.FLASH_WaitForLastOperation) for FLASH_WaitForLastOperation
    stm32f10x_flash.o(i.FLASH_ProgramHalfWord) refers to stm32f10x_flash.o(i.FLASH_WaitForLastOperation) for FLASH_WaitForLastOperation
    stm32f10x_flash.o(i.FLASH_ProgramOptionByteData) refers to stm32f10x_flash.o(i.FLASH_WaitForLastOperation) for FLASH_WaitForLastOperation
    stm32f10x_flash.o(i.FLASH_ProgramWord) refers to stm32f10x_flash.o(i.FLASH_WaitForLastOperation) for FLASH_WaitForLastOperation
    stm32f10x_flash.o(i.FLASH_ReadOutProtection) refers to stm32f10x_flash.o(i.FLASH_WaitForLastOperation) for FLASH_WaitForLastOperation
    stm32f10x_flash.o(i.FLASH_UserOptionByteConfig) refers to stm32f10x_flash.o(i.FLASH_WaitForLastOperation) for FLASH_WaitForLastOperation
    stm32f10x_flash.o(i.FLASH_WaitForLastBank1Operation) refers to stm32f10x_flash.o(i.FLASH_GetBank1Status) for FLASH_GetBank1Status
    stm32f10x_flash.o(i.FLASH_WaitForLastOperation) refers to stm32f10x_flash.o(i.FLASH_GetBank1Status) for FLASH_GetBank1Status
    stm32f10x_gpio.o(i.GPIO_AFIODeInit) refers to stm32f10x_rcc.o(i.RCC_APB2PeriphResetCmd) for RCC_APB2PeriphResetCmd
    stm32f10x_gpio.o(i.GPIO_DeInit) refers to stm32f10x_rcc.o(i.RCC_APB2PeriphResetCmd) for RCC_APB2PeriphResetCmd
    stm32f10x_pwr.o(i.PWR_DeInit) refers to stm32f10x_rcc.o(i.RCC_APB1PeriphResetCmd) for RCC_APB1PeriphResetCmd
    stm32f10x_rcc.o(i.RCC_GetClocksFreq) refers to stm32f10x_rcc.o(.data) for APBAHBPrescTable
[...]
    i.uart3_init                             0x080045b8   Section        0  usart.o(i.uart3_init)
    i.uart_init                              0x08004668   Section        0  usart.o(i.uart_init)
    i.user_led_init                          0x080046a0   Section        0  led.o(i.user_led_init)
    i.user_led_loop                          0x08004710   Section        0  led.o(i.user_led_loop)
    user_led_loop                            0x08004711   Thumb Code    70  led.o(i.user_led_loop)
    i.user_led_milliloop                     0x08004764   Section        0  led.o(i.user_led_milliloop)
    user_led_milliloop                       0x08004765   Thumb Code    46  led.o(i.user_led_milliloop)
    i.user_led_task                          0x0800479c   Section        0  led.o(i.user_led_task)
    locale$$code                             0x080047a8   Section       44  lc_numeric_c.o(locale$$code)
    locale$$code                             0x080047d4   Section       44  lc_ctype_c.o(locale$$code)
    x$fpl$printf1                            0x08004800   Section        4  printf1.o(x$fpl$printf1)
    x$fpl$printf2                            0x08004804   Section        4  printf2.o(x$fpl$printf2)
    .constdata                               0x08004808   Section       17  __printf_flags_ss_wp.o(.constdata)
    x$fpl$usenofp                            0x08004808   Section        0  usenofp.o(x$fpl$usenofp)
    maptable                                 0x08004808   Data          17  __printf_flags_ss_wp.o(.constdata)
    .constdata                               0x0800481c   Section        8  _printf_wctomb.o(.constdata)
    initial_mbstate                          0x0800481c   Data           8  _printf_wctomb.o(.constdata)
    .constdata                               0x08004824   Section       40  _printf_hex_int_ll_ptr.o(.constdata)
    uc_hextab                                0x08004824   Data          20  _printf_hex_int_ll_ptr.o(.constdata)
    lc_hextab                                0x08004838   Data          20  _printf_hex_int_ll_ptr.o(.constdata)
    .constdata                               0x0800484c   Section       38  _printf_fp_hex.o(.constdata)
    lc_hextab                                0x0800484c   Data          19  _printf_fp_hex.o(.constdata)
    uc_hextab                                0x0800485f   Data          19  _printf_fp_hex.o(.constdata)
    .constdata                               0x08004874   Section      148  bigflt0.o(.constdata)
    tenpwrs_x                                0x08004874   Data          60  bigflt0.o(.constdata)
    tenpwrs_i                                0x080048b0   Data          64  bigflt0.o(.constdata)
    .conststring                             0x08004908   Section      125  user_m5310.o(.conststring)
    locale$$data                             0x080049a8   Section       28  lc_numeric_c.o(locale$$data)
    __lcnum_c_name                           0x080049ac   Data           2  lc_numeric_c.o(locale$$data)
    __lcnum_c_start                          0x080049b4   Data           0  lc_numeric_c.o(locale$$data)
    __lcnum_c_point                          0x080049c0   Data           0  lc_numeric_c.o(locale$$data)
    __lcnum_c_thousands                      0x080049c2   Data           0  lc_numeric_c.o(locale$$data)
    __lcnum_c_grouping                       0x080049c3   Data           0  lc_numeric_c.o(locale$$data)
    locale$$data                             0x080049c4   Section      272  lc_ctype_c.o(locale$$data)
    __lcnum_c_end                            0x080049c4   Data           0  lc_numeric_c.o(locale$$data)
    __lcctype_c_name                         0x080049c8   Data           2  lc_ctype_c.o(locale$$data)
    __lcctype_c_start                        0x080049d0   Data           0  lc_ctype_c.o(locale$$data)
    __lcctype_c_end                          0x08004ad4   Data           0  lc_ctype_c.o(locale$$data)
    .data                                    0x20000000   Section       20  stm32f10x_rcc.o(.data)
    APBAHBPrescTable                         0x20000000   Data          16  stm32f10x_rcc.o(.data)
    ADCPrescTable                            0x20000010   Data           4  stm32f10x_rcc.o(.data)
    .data                                    0x20000014   Section        4  delay.o(.data)
    fac_us                                   0x20000014   Data           1  delay.o(.data)
    fac_ms                                   0x20000016   Data           2  delay.o(.data)
    .data                                    0x20000018   Section       12  led.o(.data)
    softimersec                              0x2000001c   Data           4  led.o(.data)
    softimersec                              0x20000020   Data           4  led.o(.data)
    .data                                    0x20000024   Section       28  timer.o(.data)
    .data                                    0x20000040   Section       32  usart.o(.data)
    .data                                    0x20000060   Section       16  m5310_hard.o(.data)
    .data                                    0x20000070   Section        9  nbiot_power.o(.data)
    .data                                    0x2000007c   Section        4  main.o(.data)
    _tick                                    0x2000007c   Data           4  main.o(.data)
    .data                                    0x20000080   Section       24  config.o(.data)
    bak_sec_tick                             0x20000094   Data           4  config.o(.data)
    .data                                    0x20000098   Section       20  system_stm32f10x.o(.data)
    .data                                    0x200000ac   Section       72  user_m5310.o(.data)
    error_cnt                                0x200000d8   Data           1  user_m5310.o(.data)
    get_info_flag                            0x200000d9   Data           1  user_m5310.o(.data)
    get_info_flag                            0x200000da   Data           1  user_m5310.o(.data)
    resendcnt                                0x200000db   Data           1  user_m5310.o(.data)
    Errcnt                                   0x200000dc   Data           4  user_m5310.o(.data)
    Errcnt                                   0x200000e0   Data           4  user_m5310.o(.data)
    errcnt                                   0x200000e4   Data           1  user_m5310.o(.data)
    errcnt                                   0x200000e5   Data           1  user_m5310.o(.data)
    bak_millisec_tick                        0x200000e8   Data           4  user_m5310.o(.data)
    timersec                                 0x200000ec   Data           4  user_m5310.o(.data)
    timersec                                 0x200000f0   Data           4  user_m5310.o(.data)
    .bss                                     0x200000f4   Section     4096  stmflash.o(.bss)
    .bss                                     0x200010f4   Section     2790  usart.o(.bss)
    .bss                                     0x20001bda   Section      300  m5310_hard.o(.bss)
    .bss                                     0x20001d06   Section      512  config.o(.bss)
    .bss                                     0x20001f06   Section     1024  public.o(.bss)
    .bss                                     0x20002306   Section       32  user_m5310.o(.bss)
    .bss                                     0x20002328   Section       96  libspace.o(.bss)
    HEAP                                     0x20002388   Section      512  startup_stm32f10x_hd.o(HEAP)
    Heap_Mem                                 0x20002388   Data         512  startup_stm32f10x_hd.o(HEAP)
    STACK                                    0x20002588   Section     1024  startup_stm32f10x_hd.o(STACK)
    Stack_Mem                                0x20002588   Data        1024  startup_stm32f10x_hd.o(STACK)
    __initial_sp                             0x20002988   Data           0  startup_stm32f10x_hd.o(STACK)

    Global Symbols

    Symbol Name                              Value     Ov Type        Size  Object(Section)

    BuildAttributes$$THM_ISAv4$P$D$K$B$S$PE$A:L22UL41UL21$X:L11$S22US41US21$IEEE1$IW$USESV6$~STKCKD$USESV7$~SHL$OTIME$ROPI$IEEEJ$EBA8$UX$STANDARDLIB$REQ8$PRES8$EABIv2 0x00000000   Number         0  anon$$obj.o ABSOLUTE
    __ARM_use_no_argv                        0x00000000   Number         0  main.o ABSOLUTE
    _printf_flags                            0x00000000   Number         0  printf_stubs.o ABSOLUTE
    _printf_return_value                     0x00000000   Number         0  printf_stubs.o ABSOLUTE
    _printf_sizespec                         0x00000000   Number         0  printf_stubs.o ABSOLUTE
    _printf_widthprec                        0x00000000   Number         0  printf_stubs.o ABSOLUTE
    __ARM_exceptions_init                     - Undefined Weak Reference
    __alloca_initialize                       - Undefined Weak Reference
    __arm_preinit_                            - Undefined Weak Reference
    __cpp_initialize__aeabi_                  - Undefined Weak Reference
    __cxa_finalize                            - Undefined Weak Reference
    __sigvec_lookup                           - Undefined Weak Reference
    _atexit_init                              - Undefined Weak Reference
    _call_atexit_fns                          - Undefined Weak Reference
    _clock_init                               - Undefined Weak Reference
    _fp_trap_init                             - Undefined Weak Reference
    _fp_trap_shutdown                         - Undefined Weak Reference
    _get_lc_collate                           - Undefined Weak Reference
    _get_lc_monetary                          - Undefined Weak Reference
    _get_lc_time                              - Undefined Weak Reference
    _getenv_init                              - Undefined Weak Reference
    _handle_redirection                       - Undefined Weak Reference
    _init_alloc                               - Undefined Weak Reference
    _init_user_alloc                          - Undefined Weak Reference
    _initio                                   - Undefined Weak Reference
    _printf_mbtowc                            - Undefined Weak Reference
    _printf_wc                                - Undefined Weak Reference
    _rand_init                                - Undefined Weak Reference
    _signal_finish                            - Undefined Weak Reference
    _signal_init                              - Undefined Weak Reference
    _terminate_alloc                          - Undefined Weak Reference
    _terminate_user_alloc                     - Undefined Weak Reference
    _terminateio                              - Undefined Weak Reference
    __Vectors_Size                           0x00000130   Number         0  startup_stm32f10x_hd.o ABSOLUTE
    __Vectors                                0x08000000   Data           4  startup_stm32f10x_hd.o(RESET)
    __Vectors_End                            0x08000130   Data           0  startup_stm32f10x_hd.o(RESET)
    __main                                   0x08000131   Thumb Code     8  __main.o(!!!main)
    __scatterload                            0x08000139   Thumb Code     0  __scatter.o(!!!scatter)
    __scatterload_rt2                        0x08000139   Thumb Code    44  __scatter.o(!!!scatter)
    __scatterload_rt2_thumb_only             0x08000139   Thumb Code     0  __scatter.o(!!!scatter)
    __scatterload_null                       0x08000147   Thumb Code     0  __scatter.o(!!!scatter)
    __scatterload_copy                       0x0800016d   Thumb Code    26  __scatter_copy.o(!!handler_copy)
    __scatterload_zeroinit                   0x08000189   Thumb Code    28  __scatter_zi.o(!!handler_zi)
    _printf_n                                0x080001a5   Thumb Code     0  _printf_n.o(.ARM.Collect$$_printf_percent$$00000001)
    _printf_percent                          0x080001a5   Thumb Code     0  _printf_percent.o(.ARM.Collect$$_printf_percent$$00000000)
    _printf_p                                0x080001ab   Thumb Code     0  _printf_p.o(.ARM.Collect$$_printf_percent$$00000002)
    _printf_f                                0x080001b1   Thumb Code     0  _printf_f.o(.ARM.Collect$$_printf_percent$$00000003)
    _printf_e                                0x080001b7   Thumb Code     0  _printf_e.o(.ARM.Collect$$_printf_percent$$00000004)
    _printf_g                                0x080001bd   Thumb Code     0  _printf_g.o(.ARM.Collect$$_printf_percent$$00000005)
    _printf_a                                0x080001c3   Thumb Code     0  _printf_a.o(.ARM.Collect$$_printf_percent$$00000006)
    _printf_ll                               0x080001c9   Thumb Code     0  _printf_ll.o(.ARM.Collect$$_printf_percent$$00000007)
    _printf_i                                0x080001d3   Thumb Code     0  _printf_i.o(.ARM.Collect$$_printf_percent$$00000008)
    _printf_d                                0x080001d9   Thumb Code     0  _printf_d.o(.ARM.Collect$$_printf_percent$$00000009)
    _printf_u                                0x080001df   Thumb Code     0  _printf_u.o(.ARM.Collect$$_printf_percent$$0000000A)
    _printf_o                                0x080001e5   Thumb Code     0  _printf_o.o(.ARM.Collect$$_printf_percent$$0000000B)
    _printf_x                                0x080001eb   Thumb Code     0  _printf_x.o(.ARM.Collect$$_printf_percent$$0000000C)
    _printf_lli                              0x080001f1   Thumb Code     0  _printf_lli.o(.ARM.Collect$$_printf_percent$$0000000D)
    _printf_lld                              0x080001f7   Thumb Code     0  _printf_lld.o(.ARM.Collect$$_printf_percent$$0000000E)
    _printf_llu                              0x080001fd   Thumb Code     0  _printf_llu.o(.ARM.Collect$$_printf_percent$$0000000F)
    _printf_llo                              0x08000203   Thumb Code     0  _printf_llo.o(.ARM.Collect$$_printf_percent$$00000010)
    _printf_llx                              0x08000209   Thumb Code     0  _printf_llx.o(.ARM.Collect$$_printf_percent$$00000011)
    _printf_l                                0x0800020f   Thumb Code     0  _printf_l.o(.ARM.Collect$$_printf_percent$$00000012)
    _printf_c                                0x08000219   Thumb Code     0  _printf_c.o(.ARM.Collect$$_printf_percent$$00000013)
    _printf_s                                0x0800021f   Thumb Code     0  _printf_s.o(.ARM.Collect$$_printf_percent$$00000014)
    _printf_lc                               0x08000225   Thumb Code     0  _printf_lc.o(.ARM.Collect$$_printf_percent$$00000015)
    _printf_ls                               0x0800022b   Thumb Code     0  _printf_ls.o(.ARM.Collect$$_printf_percent$$00000016)
    _printf_percent_end                      0x08000231   Thumb Code     0  _printf_percent_end.o(.ARM.Collect$$_printf_percent$$00000017)
    __rt_lib_init                            0x08000235   Thumb Code     0  libinit.o(.ARM.Collect$$libinit$$00000000)
    __rt_lib_init_fp_1                       0x08000237   Thumb Code     0  libinit2.o(.ARM.Collect$$libinit$$00000002)
    __rt_lib_init_heap_1                     0x08000237   Thumb Code     0  libinit2.o(.ARM.Collect$$libinit$$0000000A)
    __rt_lib_init_lc_common                  0x08000237   Thumb Code     0  libinit2.o(.ARM.Collect$$libinit$$0000000F)
    __rt_lib_init_preinit_1                  0x08000237   Thumb Code     0  libinit2.o(.ARM.Collect$$libinit$$00000004)
    __rt_lib_init_rand_1                     0x08000237   Thumb Code     0  libinit2.o(.ARM.Collect$$libinit$$0000000E)
    __rt_lib_init_user_alloc_1               0x08000237   Thumb Code     0  libinit2.o(.ARM.Collect$$libinit$$0000000C)
    __rt_lib_init_lc_collate_1               0x0800023d   Thumb Code     0  libinit2.o(.ARM.Collect$$libinit$$00000011)
    __rt_lib_init_lc_ctype_2                 0x0800023d   Thumb Code     0  libinit2.o(.ARM.Collect$$libinit$$00000012)
    __rt_lib_init_lc_ctype_1                 0x08000249   Thumb Code     0  libinit2.o(.ARM.Collect$$libinit$$00000013)
    __rt_lib_init_lc_monetary_1              0x08000249   Thumb Code     0  libinit2.o(.ARM.Collect$$libinit$$00000015)
    __rt_lib_init_lc_numeric_2               0x08000249   Thumb Code     0  libinit2.o(.ARM.Collect$$libinit$$00000016)
    __rt_lib_init_alloca_1                   0x08000253   Thumb Code     0  libinit2.o(.ARM.Collect$$libinit$$0000002E)
    __rt_lib_init_argv_1                     0x08000253   Thumb Code     0  libinit2.o(.ARM.Collect$$libinit$$0000002C)
    __rt_lib_init_atexit_1                   0x08000253   Thumb Code     0  libinit2.o(.ARM.Collect$$libinit$$0000001B)
    __rt_lib_init_clock_1                    0x08000253   Thumb Code     0  libinit2.o(.ARM.Collect$$libinit$$00000021)
    __rt_lib_init_cpp_1                      0x08000253   Thumb Code     0  libinit2.o(.ARM.Collect$$libinit$$00000032)
    __rt_lib_init_exceptions_1               0x08000253   Thumb Code     0  libinit2.o(.ARM.Collect$$libinit$$00000030)
    __rt_lib_init_fp_trap_1                  0x08000253   Thumb Code     0  libinit2.o(.ARM.Collect$$libinit$$0000001F)
    __rt_lib_init_getenv_1                   0x08000253   Thumb Code     0  libinit2.o(.ARM.Collect$$libinit$$00000023)
    __rt_lib_init_lc_numeric_1               0x08000253   Thumb Code     0  libinit2.o(.ARM.Collect$$libinit$$00000017)
    __rt_lib_init_lc_time_1                  0x08000253   Thumb Code     0  libinit2.o(.ARM.Collect$$libinit$$00000019)
    __rt_lib_init_return                     0x08000253   Thumb Code     0  libinit2.o(.ARM.Collect$$libinit$$00000033)
    __rt_lib_init_signal_1                   0x08000253   Thumb Code     0  libinit2.o(.ARM.Collect$$libinit$$0000001D)
    __rt_lib_init_stdio_1                    0x08000253   Thumb Code     0  libinit2.o(.ARM.Collect$$libinit$$00000025)
    __rt_lib_shutdown                        0x08000255   Thumb Code     0  libshutdown.o(.ARM.Collect$$libshutdown$$00000000)
    __rt_lib_shutdown_cpp_1                  0x08000257   Thumb Code     0  libshutdown2.o(.ARM.Collect$$libshutdown$$00000002)
    __rt_lib_shutdown_fp_trap_1              0x08000257   Thumb Code     0  libshutdown2.o(.ARM.Collect$$libshutdown$$00000007)
    __rt_lib_shutdown_heap_1                 0x08000257   Thumb Code     0  libshutdown2.o(.ARM.Collect$$libshutdown$$0000000F)
    __rt_lib_shutdown_return                 0x08000257   Thumb Code     0  libshutdown2.o(.ARM.Collect$$libshutdown$$00000010)
    __rt_lib_shutdown_signal_1               0x08000257   Thumb Code     0  libshutdown2.o(.ARM.Collect$$libshutdown$$0000000A)
    __rt_lib_shutdown_stdio_1                0x08000257   Thumb Code     0  libshutdown2.o(.ARM.Collect$$libshutdown$$00000004)
    __rt_lib_shutdown_user_alloc_1           0x08000257   Thumb Code     0  libshutdown2.o(.ARM.Collect$$libshutdown$$0000000C)
    __rt_entry                               0x08000259   Thumb Code     0  __rtentry.o(.ARM.Collect$$rtentry$$00000000)
    __rt_entry_presh_1                       0x08000259   Thumb Code     0  __rtentry2.o(.ARM.Collect$$rtentry$$00000002)
    __rt_entry_sh                            0x08000259   Thumb Code     0  __rtentry4.o(.ARM.Collect$$rtentry$$00000004)
    __rt_entry_li                            0x0800025f   Thumb Code     0  __rtentry2.o(.ARM.Collect$$rtentry$$0000000A)
    __rt_entry_postsh_1                      0x0800025f   Thumb Code     0  __rtentry2.o(.ARM.Collect$$rtentry$$00000009)
    __rt_entry_main                          0x08000263   Thumb Code     0  __rtentry2.o(.ARM.Collect$$rtentry$$0000000D)
    __rt_entry_postli_1                      0x08000263   Thumb Code     0  __rtentry2.o(.ARM.Collect$$rtentry$$0000000C)
    __rt_exit                                0x0800026b   Thumb Code     0  rtexit.o(.ARM.Collect$$rtexit$$00000000)
    __rt_exit_ls                             0x0800026d   Thumb Code     0  rtexit2.o(.ARM.Collect$$rtexit$$00000003)
    __rt_exit_prels_1                        0x0800026d   Thumb Code     0  rtexit2.o(.ARM.Collect$$rtexit$$00000002)
    __rt_exit_exit                           0x08000271   Thumb Code     0  rtexit2.o(.ARM.Collect$$rtexit$$00000004)
    Reset_Handler                            0x08000279   Thumb Code     8  startup_stm32f10x_hd.o(.text)
    ADC1_2_IRQHandler                        0x08000293   Thumb Code     0  startup_stm32f10x_hd.o(.text)
    ADC3_IRQHandler                          0x08000293   Thumb Code     0  startup_stm32f10x_hd.o(.text)
    CAN1_RX1_IRQHandler                      0x08000293   Thumb Code     0  startup_stm32f10x_hd.o(.text)
    CAN1_SCE_IRQHandler                      0x08000293   Thumb Code     0  startup_stm32f10x_hd.o(.text)
    DMA1_Channel1_IRQHandler                 0x08000293   Thumb Code     0  startup_stm32f10x_hd.o(.text)
    DMA1_Channel2_IRQHandler                 0x08000293   Thumb Code     0  startup_stm32f10x_hd.o(.text)
    DMA1_Channel3_IRQHandler                 0x08000293   Thumb Code     0  startup_stm32f10x_hd.o(.text)
    DMA1_Channel4_IRQHandler                 0x08000293   Thumb Code     0  startup_stm32f10x_hd.o(.text)
    DMA1_Channel5_IRQHandler                 0x08000293   Thumb Code     0  startup_stm32f10x_hd.o(.text)
    DMA1_Channel6_IRQHandler                 0x08000293   Thumb Code     0  startup_stm32f10x_hd.o(.text)
    DMA1_Channel7_IRQHandler                 0x08000293   Thumb Code     0  startup_stm32f10x_hd.o(.text)
    DMA2_Channel1_IRQHandler                 0x08000293   Thumb Code     0  startup_stm32f10x_hd.o(.text)
    DMA2_Channel2_IRQHandler                 0x08000293   Thumb Code     0  startup_stm32f10x_hd.o(.text)
    DMA2_Channel3_IRQHandler                 0x08000293   Thumb Code     0  startup_stm32f10x_hd.o(.text)
    DMA2_Channel4_5_IRQHandler               0x08000293   Thumb Code     0  startup_stm32f10x_hd.o(.text)
    EXTI0_IRQHandler                         0x08000293   Thumb Code     0  startup_stm32f10x_hd.o(.text)
    EXTI15_10_IRQHandler                     0x08000293   Thumb Code     0  startup_stm32f10x_hd.o(.text)
    EXTI1_IRQHandler                         0x08000293   Thumb Code     0  startup_stm32f10x_hd.o(.text)
    EXTI2_IRQHandler                         0x08000293   Thumb Code     0  startup_stm32f10x_hd.o(.text)
    EXTI3_IRQHandler                         0x08000293   Thumb Code     0  startup_stm32f10x_hd.o(.text)
    EXTI4_IRQHandler                         0x08000293   Thumb Code     0  startup_stm32f10x_hd.o(.text)
    EXTI9_5_IRQHandler                       0x08000293   Thumb Code     0  startup_stm32f10x_hd.o(.text)
    FLASH_IRQHandler                         0x08000293   Thumb Code     0  startup_stm32f10x_hd.o(.text)
    FSMC_IRQHandler                          0x08000293   Thumb Code     0  startup_stm32f10x_hd.o(.text)
    I2C1_ER_IRQHandler                       0x08000293   Thumb Code     0  startup_stm32f10x_hd.o(.text)
    I2C1_EV_IRQHandler                       0x08000293   Thumb Code     0  startup_stm32f10x_hd.o(.text)
    I2C2_ER_IRQHandler                       0x08000293   Thumb Code     0  startup_stm32f10x_hd.o(.text)
    I2C2_EV_IRQHandler                       0x08000293   Thumb Code     0  startup_stm32f10x_hd.o(.text)
    PVD_IRQHandler                           0x08000293   Thumb Code     0  startup_stm32f10x_hd.o(.text)
    RCC_IRQHandler                           0x08000293   Thumb Code     0  startup_stm32f10x_hd.o(.text)
    RTCAlarm_IRQHandler                      0x08000293   Thumb Code     0  startup_stm32f10x_hd.o(.text)
    RTC_IRQHandler                           0x08000293   Thumb Code     0  startup_stm32f10x_hd.o(.text)
    SDIO_IRQHandler                          0x08000293   Thumb Code     0  startup_stm32f10x_hd.o(.text)
    SPI1_IRQHandler                          0x08000293   Thumb Code     0  startup_stm32f10x_hd.o(.text)
    SPI2_IRQHandler                          0x08000293   Thumb Code     0  startup_stm32f10x_hd.o(.text)
    SPI3_IRQHandler                          0x08000293   Thumb Code     0  startup_stm32f10x_hd.o(.text)
    TAMPER_IRQHandler                        0x08000293   Thumb Code     0  startup_stm32f10x_hd.o(.text)
    TIM1_BRK_IRQHandler                      0x08000293   Thumb Code     0  startup_stm32f10x_hd.o(.text)
    TIM1_CC_IRQHandler                       0x08000293   Thumb Code     0  startup_stm32f10x_hd.o(.text)
    TIM1_TRG_COM_IRQHandler                  0x08000293   Thumb Code     0  startup_stm32f10x_hd.o(.text)
    TIM1_UP_IRQHandler                       0x08000293   Thumb Code     0  startup_stm32f10x_hd.o(.text)
    TIM2_IRQHandler                          0x08000293   Thumb Code     0  startup_stm32f10x_hd.o(.text)
    TIM5_IRQHandler                          0x08000293   Thumb Code     0  startup_stm32f10x_hd.o(.text)
    TIM6_IRQHandler                          0x08000293   Thumb Code     0  startup_stm32f10x_hd.o(.text)
    TIM7_IRQHandler                          0x08000293   Thumb Code     0  startup_stm32f10x_hd.o(.text)
    TIM8_BRK_IRQHandler                      0x08000293   Thumb Code     0  startup_stm32f10x_hd.o(.text)
    TIM8_CC_IRQHandler                       0x08000293   Thumb Code     0  startup_stm32f10x_hd.o(.text)
    TIM8_TRG_COM_IRQHandler                  0x08000293   Thumb Code     0  startup_stm32f10x_hd.o(.text)
    TIM8_UP_IRQHandler                       0x08000293   Thumb Code     0  startup_stm32f10x_hd.o(.text)
    UART4_IRQHandler                         0x08000293   Thumb Code     0  startup_stm32f10x_hd.o(.text)
    UART5_IRQHandler                         0x08000293   Thumb Code     0  startup_stm32f10x_hd.o(.text)
    USBWakeUp_IRQHandler                     0x08000293   Thumb Code     0  startup_stm32f10x_hd.o(.text)
    USB_HP_CAN1_TX_IRQHandler                0x08000293   Thumb Code     0  startup_stm32f10x_hd.o(.text)
    USB_LP_CAN1_RX0_IRQHandler               0x08000293   Thumb Code     0  startup_stm32f10x_hd.o(.text)
    WWDG_IRQHandler                          0x08000293   Thumb Code     0  startup_stm32f10x_hd.o(.text)
    __user_initial_stackheap                 0x08000295   Thumb Code     0  startup_stm32f10x_hd.o(.text)
    vsprintf                                 0x080002b9   Thumb Code    32  vsprintf.o(.text)
    __2sprintf                               0x080002dd   Thumb Code    38  __2sprintf.o(.text)
    _printf_str                              0x08000309   Thumb Code    82  _printf_str.o(.text)
    _printf_int_dec                          0x0800035d   Thumb Code   104  _printf_dec.o(.text)
    __printf                                 0x080003d5   Thumb Code   388  __printf_flags_ss_wp.o(.text)
    memcmp                                   0x0800055d   Thumb Code    88  memcmp.o(.text)
    strlen                                   0x080005b5   Thumb Code    62  strlen.o(.text)
    __aeabi_memcpy                           0x080005f3   Thumb Code     0  rt_memcpy_v6.o(.text)
    __rt_memcpy                              0x080005f3   Thumb Code   138  rt_memcpy_v6.o(.text)
    _memcpy_lastbytes                        0x08000659   Thumb Code     0  rt_memcpy_v6.o(.text)
    __aeabi_memmove                          0x0800067d   Thumb Code     0  rt_memmove_v6.o(.text)
    __rt_memmove                             0x0800067d   Thumb Code   132  rt_memmove_v6.o(.text)
    __memmove_lastfew                        0x080006dd   Thumb Code     0  rt_memmove_v6.o(.text)
    __aeabi_memset                           0x08000701   Thumb Code    16  aeabi_memset.o(.text)
    __aeabi_memclr                           0x08000711   Thumb Code     0  rt_memclr.o(.text)
    __rt_memclr                              0x08000711   Thumb Code    68  rt_memclr.o(.text)
    _memset                                  0x08000715   Thumb Code     0  rt_memclr.o(.text)
    __aeabi_memclr4                          0x08000755   Thumb Code     0  rt_memclr_w.o(.text)
    __aeabi_memclr8                          0x08000755   Thumb Code     0  rt_memclr_w.o(.text)
    __rt_memclr_w                            0x08000755   Thumb Code    78  rt_memclr_w.o(.text)
    _memset_w                                0x08000759   Thumb Code     0  rt_memclr_w.o(.text)
    __use_two_region_memory                  0x080007a3   Thumb Code     2  heapauxi.o(.text)
    __rt_heap_escrow$2region                 0x080007a5   Thumb Code     2  heapauxi.o(.text)
    __rt_heap_expand$2region                 0x080007a7   Thumb Code     2  heapauxi.o(.text)
    _printf_pre_padding                      0x080007a9   Thumb Code    44  _printf_pad.o(.text)
    _printf_post_padding                     0x080007d5   Thumb Code    34  _printf_pad.o(.text)
    _printf_truncate_signed                  0x080007f7   Thumb Code    18  _printf_truncate.o(.text)
    _printf_truncate_unsigned                0x08000809   Thumb Code    18  _printf_truncate.o(.text)
    _printf_int_common                       0x0800081b   Thumb Code   178  _printf_intcommon.o(.text)
    _printf_charcount                        0x080008cd   Thumb Code    40  _printf_charcount.o(.text)
    _printf_char_common                      0x080008ff   Thumb Code    32  _printf_char_common.o(.text)
    _sputc                                   0x08000925   Thumb Code    10  _sputc.o(.text)
    _printf_cs_common                        0x0800092f   Thumb Code    20  _printf_char.o(.text)
    _printf_char                             0x08000943   Thumb Code    16  _printf_char.o(.text)
    _printf_string                           0x08000953   Thumb Code     8  _printf_char.o(.text)
    _printf_wctomb                           0x0800095d   Thumb Code   182  _printf_wctomb.o(.text)
    _printf_longlong_dec                     0x08000a19   Thumb Code   108  _printf_longlong_dec.o(.text)
    _printf_longlong_oct                     0x08000a95   Thumb Code    66  _printf_oct_int_ll.o(.text)
    _printf_int_oct                          0x08000ad7   Thumb Code    24  _printf_oct_int_ll.o(.text)
    _printf_ll_oct                           0x08000aef   Thumb Code    12  _printf_oct_int_ll.o(.text)
    _printf_longlong_hex                     0x08000b05   Thumb Code    86  _printf_hex_int_ll_ptr.o(.text)
    _printf_int_hex                          0x08000b5b   Thumb Code    28  _printf_hex_int_ll_ptr.o(.text)
    _printf_ll_hex                           0x08000b77   Thumb Code    12  _printf_hex_int_ll_ptr.o(.text)
    _printf_hex_ptr                          0x08000b83   Thumb Code    18  _printf_hex_int_ll_ptr.o(.text)
    __aeabi_memcpy4                          0x08000b99   Thumb Code     0  rt_memcpy_w.o(.text)
    __aeabi_memcpy8                          0x08000b99   Thumb Code     0  rt_memcpy_w.o(.text)
    __rt_memcpy_w                            0x08000b99   Thumb Code   100  rt_memcpy_w.o(.text)
    _memcpy_lastbytes_aligned                0x08000be1   Thumb Code     0  rt_memcpy_w.o(.text)
    __aeabi_memmove4                         0x08000bfd   Thumb Code     0  rt_memmove_w.o(.text)
    __aeabi_memmove8                         0x08000bfd   Thumb Code     0  rt_memmove_w.o(.text)
    __rt_memmove_w                           0x08000bfd   Thumb Code   122  rt_memmove_w.o(.text)
    __memmove_aligned                        0x08000c23   Thumb Code     0  rt_memmove_w.o(.text)
    __memmove_lastfew_aligned                0x08000c5b   Thumb Code     0  rt_memmove_w.o(.text)
    _ll_udiv10                               0x08000c77   Thumb Code   138  lludiv10.o(.text)
    __lib_sel_fp_printf                      0x08000d01   Thumb Code     2  _printf_fp_dec.o(.text)
    _printf_fp_dec_real                      0x08000eb3   Thumb Code   620  _printf_fp_dec.o(.text)
    _printf_fp_hex_real                      0x08001121   Thumb Code   756  _printf_fp_hex.o(.text)
    _printf_lcs_common                       0x0800141d   Thumb Code    20  _printf_wchar.o(.text)
    _printf_wchar                            0x08001431   Thumb Code    16  _printf_wchar.o(.text)
    _printf_wstring                          0x08001441   Thumb Code     8  _printf_wchar.o(.text)
    _wcrtomb                                 0x08001449   Thumb Code    64  _wcrtomb.o(.text)
    __user_setup_stackheap                   0x08001489   Thumb Code    74  sys_stackheap_outer.o(.text)
    __rt_ctype_table                         0x080014d5   Thumb Code    16  rt_ctype_table.o(.text)
    __rt_locale                              0x080014e5   Thumb Code     8  rt_locale_intlibspace.o(.text)
    _printf_fp_infnan                        0x080014ed   Thumb Code   112  _printf_fp_infnan.o(.text)
    _btod_etento                             0x0800156d   Thumb Code   224  bigflt0.o(.text)
    exit                                     0x08001651   Thumb Code    18  exit.o(.text)
    __user_libspace                          0x08001665   Thumb Code     8  libspace.o(.text)
    __user_perproc_libspace                  0x08001665   Thumb Code     0  libspace.o(.text)
    __user_perthread_libspace                0x08001665   Thumb Code     0  libspace.o(.text)
    strcmp                                   0x0800166d   Thumb Code   128  strcmpv7m.o(.text)
    _sys_exit                                0x080016ed   Thumb Code     8  sys_exit.o(.text)
    __I$use$semihosting                      0x080016f9   Thumb Code     0  use_no_semi.o(.text)
    __use_no_semihosting_swi                 0x080016f9   Thumb Code     2  use_no_semi.o(.text)
    __semihosting_library_function           0x080016fb   Thumb Code     0  indicate_semi.o(.text)
    _btod_d2e                                0x080016fb   Thumb Code    62  btod.o(CL$$btod_d2e)
    _d2e_denorm_low                          0x08001739   Thumb Code    70  btod.o(CL$$btod_d2e_denorm_low)
    _d2e_norm_op1                            0x0800177f   Thumb Code    96  btod.o(CL$$btod_d2e_norm_op1)
    __btod_div_common                        0x080017df   Thumb Code   696  btod.o(CL$$btod_div_common)
    _e2e                                     0x08001b17   Thumb Code   220  btod.o(CL$$btod_e2e)
    _btod_ediv                               0x08001bf3   Thumb Code    42  btod.o(CL$$btod_ediv)
    _btod_emul                               0x08001c1d   Thumb Code    42  btod.o(CL$$btod_emul)
    __btod_mult_common                       0x08001c47   Thumb Code   580  btod.o(CL$$btod_mult_common)
    BusFault_Handler                         0x08001e8b   Thumb Code     4  stm32f10x_it.o(i.BusFault_Handler)
    Config_Backup                            0x08001e91   Thumb Code    72  config.o(i.Config_Backup)
    Config_Loop                              0x08001eed   Thumb Code    66  config.o(i.Config_Loop)
    DebugMon_Handler                         0x08002001   Thumb Code     2  stm32f10x_it.o(i.DebugMon_Handler)
    FLASH_ErasePage                          0x08002005   Thumb Code    72  stm32f10x_flash.o(i.FLASH_ErasePage)
    FLASH_GetBank1Status                     0x08002051   Thumb Code    48  stm32f10x_flash.o(i.FLASH_GetBank1Status)
    FLASH_Lock                               0x08002085   Thumb Code    14  stm32f10x_flash.o(i.FLASH_Lock)
    FLASH_ProgramHalfWord                    0x08002099   Thumb Code    60  stm32f10x_flash.o(i.FLASH_ProgramHalfWord)
    FLASH_Unlock                             0x080020d9   Thumb Code    12  stm32f10x_flash.o(i.FLASH_Unlock)
    FLASH_WaitForLastOperation               0x080020f1   Thumb Code    38  stm32f10x_flash.o(i.FLASH_WaitForLastOperation)
    GPIO_Init                                0x08002117   Thumb Code   278  stm32f10x_gpio.o(i.GPIO_Init)
    GPIO_ResetBits                           0x0800222d   Thumb Code     4  stm32f10x_gpio.o(i.GPIO_ResetBits)
    GPIO_SetBits                             0x08002231   Thumb Code     4  stm32f10x_gpio.o(i.GPIO_SetBits)
    Get_MillisecTimer_NBIOT_delay            0x08002235   Thumb Code     6  timer.o(i.Get_MillisecTimer_NBIOT_delay)
    Get_SysTick                              0x08002241   Thumb Code     6  timer.o(i.Get_SysTick)
    Get_SysmilliTick                         0x0800224d   Thumb Code     6  timer.o(i.Get_SysmilliTick)
    Get_login_success_flag                   0x08002259   Thumb Code     6  user_m5310.o(i.Get_login_success_flag)
    HardFault_Handler                        0x08002265   Thumb Code     8  stm32f10x_it.o(i.HardFault_Handler)
    MemManage_Handler                        0x0800226d   Thumb Code     4  stm32f10x_it.o(i.MemManage_Handler)
    NBIOT_Pipe_Reset                         0x08002649   Thumb Code    12  user_m5310.o(i.NBIOT_Pipe_Reset)
    NBIOT_Status_Reset                       0x080026f1   Thumb Code    62  user_m5310.o(i.NBIOT_Status_Reset)
    NBIOT_init                               0x0800275d   Thumb Code    42  user_m5310.o(i.NBIOT_init)
    NBIOT_normal_output                      0x08002845   Thumb Code   130  m5310_hard.o(i.NBIOT_normal_output)
    NBIOT_task                               0x080029b1   Thumb Code    34  user_m5310.o(i.NBIOT_task)
    NBIOT_updata_loop                        0x080029d9   Thumb Code   110  user_m5310.o(i.NBIOT_updata_loop)
    NMEA_Pow                                 0x08002a65   Thumb Code    42  public.o(i.NMEA_Pow)
    NMEA_Str2num                             0x08002a8f   Thumb Code   666  public.o(i.NMEA_Str2num)
    NMI_Handler                              0x08002d29   Thumb Code     2  stm32f10x_it.o(i.NMI_Handler)
    NVIC_Configuration                       0x08002d2b   Thumb Code    12  sys.o(i.NVIC_Configuration)
    NVIC_Init                                0x08002d39   Thumb Code   100  misc.o(i.NVIC_Init)
    NVIC_PriorityGroupConfig                 0x08002da9   Thumb Code    10  misc.o(i.NVIC_PriorityGroupConfig)
    PendSV_Handler                           0x080034f1   Thumb Code     2  stm32f10x_it.o(i.PendSV_Handler)
    Pipe1_Remove                             0x080034f3   Thumb Code    50  public.o(i.Pipe1_Remove)
    Pipe1_Reset                              0x08003525   Thumb Code    28  public.o(i.Pipe1_Reset)
    Pipe_Block_Input                         0x08003541   Thumb Code   146  public.o(i.Pipe_Block_Input)
    RCC_APB1PeriphClockCmd                   0x080035d5   Thumb Code    26  stm32f10x_rcc.o(i.RCC_APB1PeriphClockCmd)
    RCC_APB1PeriphResetCmd                   0x080035f5   Thumb Code    26  stm32f10x_rcc.o(i.RCC_APB1PeriphResetCmd)
    RCC_APB2PeriphClockCmd                   0x08003615   Thumb Code    26  stm32f10x_rcc.o(i.RCC_APB2PeriphClockCmd)
    RCC_APB2PeriphResetCmd                   0x08003635   Thumb Code    26  stm32f10x_rcc.o(i.RCC_APB2PeriphResetCmd)
    RCC_GetClocksFreq                        0x08003655   Thumb Code   192  stm32f10x_rcc.o(i.RCC_GetClocksFreq)
    STMFLASH_Read                            0x08003729   Thumb Code    80  stmflash.o(i.STMFLASH_Read)
    STMFLASH_ReadHalfWord                    0x08003779   Thumb Code     6  stmflash.o(i.STMFLASH_ReadHalfWord)
    STMFLASH_Write                           0x08003781   Thumb Code   362  stmflash.o(i.STMFLASH_Write)
    STMFLASH_Write_NoCheck                   0x080038f5   Thumb Code    38  stmflash.o(i.STMFLASH_Write_NoCheck)
    SVC_Handler                              0x0800391b   Thumb Code     2  stm32f10x_it.o(i.SVC_Handler)
    Set_MillisecTimer_NBIOT_delay            0x08003a05   Thumb Code     6  timer.o(i.Set_MillisecTimer_NBIOT_delay)
    SoftReset                                0x08003a11   Thumb Code    30  public.o(i.SoftReset)
    SysTick_CLKSourceConfig                  0x08003a75   Thumb Code    40  misc.o(i.SysTick_CLKSourceConfig)
    SysTick_Handler                          0x08003a9d   Thumb Code     2  stm32f10x_it.o(i.SysTick_Handler)
    SystemInit                               0x08003aa1   Thumb Code    78  system_stm32f10x.o(i.SystemInit)
    TIM3_IRQHandler                          0x08003b01   Thumb Code    54  timer.o(i.TIM3_IRQHandler)
    TIM3_Int_Init                            0x08003b4d   Thumb Code    90  timer.o(i.TIM3_Int_Init)
    TIM4_IRQHandler                          0x08003bad   Thumb Code    80  timer.o(i.TIM4_IRQHandler)
    TIM4_Int_Init                            0x08003c11   Thumb Code    90  timer.o(i.TIM4_Int_Init)
    TIM_ClearITPendingBit                    0x08003c71   Thumb Code     6  stm32f10x_tim.o(i.TIM_ClearITPendingBit)
    TIM_Cmd                                  0x08003c77   Thumb Code    24  stm32f10x_tim.o(i.TIM_Cmd)
    TIM_GetITStatus                          0x08003c8f   Thumb Code    34  stm32f10x_tim.o(i.TIM_GetITStatus)
    TIM_ITConfig                             0x08003cb1   Thumb Code    18  stm32f10x_tim.o(i.TIM_ITConfig)
    TIM_TimeBaseInit                         0x08003cc5   Thumb Code   122  stm32f10x_tim.o(i.TIM_TimeBaseInit)
    USART1_IRQHandler                        0x08003d69   Thumb Code   118  usart.o(i.USART1_IRQHandler)
    USART2_IRQHandler                        0x08003de9   Thumb Code    46  usart.o(i.USART2_IRQHandler)
    USART3_IRQHandler                        0x08003e25   Thumb Code   118  usart.o(i.USART3_IRQHandler)
    USART_Cmd                                0x08003ea5   Thumb Code    24  stm32f10x_usart.o(i.USART_Cmd)
    USART_DeInit                             0x08003ebd   Thumb Code   134  stm32f10x_usart.o(i.USART_DeInit)
    USART_GetFlagStatus                      0x08003f59   Thumb Code    26  stm32f10x_usart.o(i.USART_GetFlagStatus)
    USART_GetITStatus                        0x08003f73   Thumb Code    84  stm32f10x_usart.o(i.USART_GetITStatus)
    USART_ITConfig                           0x08003fc7   Thumb Code    74  stm32f10x_usart.o(i.USART_ITConfig)
    USART_Init                               0x08004011   Thumb Code   210  stm32f10x_usart.o(i.USART_Init)
    USART_ReceiveData                        0x080040e9   Thumb Code    10  stm32f10x_usart.o(i.USART_ReceiveData)
    USART_SendData                           0x080040f3   Thumb Code     8  stm32f10x_usart.o(i.USART_SendData)
    UsageFault_Handler                       0x080040fb   Thumb Code     4  stm32f10x_it.o(i.UsageFault_Handler)
    __ARM_fpclassify                         0x080040ff   Thumb Code    40  fpclassify.o(i.__ARM_fpclassify)
    _is_digit                                0x08004127   Thumb Code    14  __printf_wp.o(i._is_digit)
    chip_read_flash                          0x08004135   Thumb Code    44  chip_flash.o(i.chip_read_flash)
    chip_write_flash                         0x08004161   Thumb Code    44  chip_flash.o(i.chip_write_flash)
    delay_init                               0x0800418d   Thumb Code    50  delay.o(i.delay_init)
    main                                     0x080041d1   Thumb Code    54  main.o(i.main)
    my_memmem                                0x08004207   Thumb Code    76  common.o(i.my_memmem)
    nbiot_power_init                         0x08004255   Thumb Code    52  nbiot_power.o(i.nbiot_power_init)
    nbiot_power_loop                         0x0800428d   Thumb Code    44  nbiot_power.o(i.nbiot_power_loop)
    nbiot_power_off                          0x080042c1   Thumb Code    20  nbiot_power.o(i.nbiot_power_off)
    nbiot_power_on                           0x080042dd   Thumb Code    20  nbiot_power.o(i.nbiot_power_on)
    nbiot_power_reset                        0x080042f9   Thumb Code    20  nbiot_power.o(i.nbiot_power_reset)
    reset_uart_pipe1                         0x08004315   Thumb Code    14  usart.o(i.reset_uart_pipe1)
    reset_uart_pipe2                         0x08004329   Thumb Code    16  usart.o(i.reset_uart_pipe2)
    reset_uart_pipe3                         0x08004341   Thumb Code    24  usart.o(i.reset_uart_pipe3)
    uart1_init                               0x08004361   Thumb Code   162  usart.o(i.uart1_init)
    uart1_output                             0x0800440d   Thumb Code    48  usart.o(i.uart1_output)
    uart1_printf                             0x08004441   Thumb Code    72  usart.o(i.uart1_printf)
    uart2_init                               0x0800448d   Thumb Code   164  usart.o(i.uart2_init)
    uart2_output                             0x08004539   Thumb Code    48  usart.o(i.uart2_output)
    uart2_printf                             0x0800456d   Thumb Code    72  usart.o(i.uart2_printf)
    uart3_init                               0x080045b9   Thumb Code   168  usart.o(i.uart3_init)
    uart_init                                0x08004669   Thumb Code    44  usart.o(i.uart_init)
    user_led_init                            0x080046a1   Thumb Code    94  led.o(i.user_led_init)
    user_led_task                            0x0800479d   Thumb Code    12  led.o(i.user_led_task)
    _get_lc_numeric                          0x080047a9   Thumb Code    44  lc_numeric_c.o(locale$$code)
    _get_lc_ctype                            0x080047d5   Thumb Code    44  lc_ctype_c.o(locale$$code)
    _printf_fp_dec                           0x08004801   Thumb Code     4  printf1.o(x$fpl$printf1)
    _printf_fp_hex                           0x08004805   Thumb Code     4  printf2.o(x$fpl$printf2)
    __I$use$fp                               0x08004808   Number         0  usenofp.o(x$fpl$usenofp)
    Region$$Table$$Base                      0x08004988   Number         0  anon$$obj.o(Region$$Table)
    Region$$Table$$Limit                     0x080049a8   Number         0  anon$$obj.o(Region$$Table)
    __ctype                                  0x080049d1   Data           0  lc_ctype_c.o(locale$$data)
    led_milliloop_delay                      0x20000018   Data           4  led.o(.data)
    millisec_tick                            0x20000024   Data           4  timer.o(.data)
    sec_tick                                 0x20000028   Data           4  timer.o(.data)
    Run_sec_tick                             0x2000002c   Data           4  timer.o(.data)
    rs485_delay_millisec                     0x20000030   Data           4  timer.o(.data)
    socket_delay_millisec                    0x20000034   Data           4  timer.o(.data)
    bluetooth_delay_millisec                 0x20000038   Data           4  timer.o(.data)
    sensor_rs485_delay_millisec              0x2000003c   Data           4  timer.o(.data)
    uart_pipe2                               0x20000040   Data          16  usart.o(.data)
    uart_pipe2_log                           0x20000050   Data          16  usart.o(.data)
    nbiot_send_pipe                          0x20000060   Data          16  m5310_hard.o(.data)
    nbiot_power_reset_event                  0x20000070   Data           1  nbiot_power.o(.data)
    nbiot_power_reset_delay                  0x20000074   Data           4  nbiot_power.o(.data)
    nbiot_power_enable                       0x20000078   Data           1  nbiot_power.o(.data)
    user_app_version                         0x20000080   Data           4  config.o(.data)
    user_app_length                          0x20000084   Data           4  config.o(.data)
    config_ischange                          0x20000088   Data           1  config.o(.data)
    config_delay                             0x20000089   Data           1  config.o(.data)
    backupms                                 0x2000008c   Data           4  config.o(.data)
    backupmsmax                              0x20000090   Data           4  config.o(.data)
    SystemCoreClock                          0x20000098   Data           4  system_stm32f10x.o(.data)
    AHBPrescTable                            0x2000009c   Data          16  system_stm32f10x.o(.data)
    nbiot_at_step                            0x200000ac   Data           1  user_m5310.o(.data)
    nbiot_recv_pipe                          0x200000b0   Data           4  user_m5310.o(.data)
    nbiot_run_timespan                       0x200000b4   Data           4  user_m5310.o(.data)
    nbiot_at_delay                           0x200000b8   Data           4  user_m5310.o(.data)
    nbiot_is_connected_countdown             0x200000bc   Data           4  user_m5310.o(.data)
    nbiot_signal_strenth_rssi                0x200000c0   Data           1  user_m5310.o(.data)
    nbiot_signal_strenth_ber                 0x200000c1   Data           1  user_m5310.o(.data)
    network_registration_status              0x200000c2   Data           1  user_m5310.o(.data)
    nbiot_logic_onenet_timeout               0x200000c3   Data           1  user_m5310.o(.data)
    nbiot_close_event                        0x200000c4   Data           1  user_m5310.o(.data)
    upload_data_cnt                          0x200000c5   Data           1  user_m5310.o(.data)
    nbiot_ref_id                             0x200000c6   Data           1  user_m5310.o(.data)
    nbiot_close_success_flag                 0x200000c7   Data           1  user_m5310.o(.data)
    nbiot_login_onenet_flag                  0x200000c8   Data           1  user_m5310.o(.data)
    nbiot_send_request                       0x200000c9   Data           1  user_m5310.o(.data)
    simiccidgetok                            0x200000ca   Data           1  user_m5310.o(.data)
    isTrueRunATLoop                          0x200000cb   Data           1  user_m5310.o(.data)
    nbiot_is_ready                           0x200000cc   Data           1  user_m5310.o(.data)
    NBIOT_login_onenet_event                 0x200000cd   Data           1  user_m5310.o(.data)
    dht11_data                               0x200000d0   Data           4  user_m5310.o(.data)
    nbiot_upload_loop_delay                  0x200000d4   Data           4  user_m5310.o(.data)
    STMFLASH_BUF                             0x200000f4   Data        2048  stmflash.o(.bss)
    STMFLASH_CMP                             0x200008f4   Data        2048  stmflash.o(.bss)
    uart_pipe1                               0x200010f4   Data         522  usart.o(.bss)
    USART2_RX_BUFER                          0x200012fe   Data        1024  usart.o(.bss)
    USART2_RX_LOG_BUFER                      0x200016fe   Data         200  usart.o(.bss)
    uart_pipe3                               0x200017c6   Data         522  usart.o(.bss)
    uart_send_pipe3                          0x200019d0   Data         522  usart.o(.bss)
    nbiot_SEND_PIPE_BUF                      0x20001bda   Data         300  m5310_hard.o(.bss)
    config_info                              0x20001d06   Data         256  config.o(.bss)
    config_compare                           0x20001e06   Data         256  config.o(.bss)
    _txBuffer                                0x20001f06   Data         512  public.o(.bss)
    PublicSendBuffer                         0x20002106   Data         512  public.o(.bss)
    simiccidstring                           0x20002306   Data          16  user_m5310.o(.bss)
    nbiotIMEIstring                          0x20002316   Data          16  user_m5310.o(.bss)
    __libspace_start                         0x20002328   Data          96  libspace.o(.bss)
    __temporary_stack_top$libspace           0x20002388   Data           0  libspace.o(.bss)



==============================================================================

Memory Map of the image

  Image Entry point : 0x08000131

  Load Region LR_IROM1 (Base: 0x08000000, Size: 0x00004bc8, Max: 0x00010000, ABSOLUTE)

    Execution Region ER_IROM1 (Exec base: 0x08000000, Load base: 0x08000000, Size: 0x00004ad4, Max: 0x00010000, ABSOLUTE)

    Exec Addr    Load Addr    Size         Type   Attr      Idx    E Section Name        Object

    0x08000000   0x08000000   0x00000130   Data   RO           19    RESET               startup_stm32f10x_hd.o
    0x08000130   0x08000130   0x00000008   Code   RO         3638  * !!!main             c_w.l(__main.o)
    0x08000138   0x08000138   0x00000034   Code   RO         3980    !!!scatter          c_w.l(__scatter.o)
    0x0800016c   0x0800016c   0x0000001a   Code   RO         3982    !!handler_copy      c_w.l(__scatter_copy.o)
    0x08000186   0x08000186   0x00000002   PAD
    0x08000188   0x08000188   0x0000001c   Code   RO         3984    !!handler_zi        c_w.l(__scatter_zi.o)
    0x080001a4   0x080001a4   0x00000000   Code   RO         3617    .ARM.Collect$$_printf_percent$$00000000  c_w.l(_printf_percent.o)
    0x080001a4   0x080001a4   0x00000006   Code   RO         3720    .ARM.Collect$$_printf_percent$$00000001  c_w.l(_printf_n.o)
    0x080001aa   0x080001aa   0x00000006   Code   RO         3722    .ARM.Collect$$_printf_percent$$00000002  c_w.l(_printf_p.o)
    0x080001b0   0x080001b0   0x00000006   Code   RO         3726    .ARM.Collect$$_printf_percent$$00000003  c_w.l(_printf_f.o)
    0x080001b6   0x080001b6   0x00000006   Code   RO         3727    .ARM.Collect$$_printf_percent$$00000004  c_w.l(_printf_e.o)
    0x080001bc   0x080001bc   0x00000006   Code   RO         3728    .ARM.Collect$$_printf_percent$$00000005  c_w.l(_printf_g.o)
    0x080001c2   0x080001c2   0x00000006   Code   RO         3729    .ARM.Collect$$_printf_percent$$00000006  c_w.l(_printf_a.o)
    0x080001c8   0x080001c8   0x0000000a   Code   RO         3734    .ARM.Collect$$_printf_percent$$00000007  c_w.l(_printf_ll.o)
    0x080001d2   0x080001d2   0x00000006   Code   RO         3724    .ARM.Collect$$_printf_percent$$00000008  c_w.l(_printf_i.o)
    0x080001d8   0x080001d8   0x00000006   Code   RO         3616    .ARM.Collect$$_printf_percent$$00000009  c_w.l(_printf_d.o)
    0x080001de   0x080001de   0x00000006   Code   RO         3725    .ARM.Collect$$_printf_percent$$0000000A  c_w.l(_printf_u.o)
    0x080001e4   0x080001e4   0x00000006   Code   RO         3723    .ARM.Collect$$_printf_percent$$0000000B  c_w.l(_printf_o.o)
    0x080001ea   0x080001ea   0x00000006   Code   RO         3721    .ARM.Collect$$_printf_percent$$0000000C  c_w.l(_printf_x.o)
    0x080001f0   0x080001f0   0x00000006   Code   RO         3731    .ARM.Collect$$_printf_percent$$0000000D  c_w.l(_printf_lli.o)
    0x080001f6   0x080001f6   0x00000006   Code   RO         3732    .ARM.Collect$$_printf_percent$$0000000E  c_w.l(_printf_lld.o)
    0x080001fc   0x080001fc   0x00000006   Code   RO         3733    .ARM.Collect$$_printf_percent$$0000000F  c_w.l(_printf_llu.o)
    0x08000202   0x08000202   0x00000006   Code   RO         3738    .ARM.Collect$$_printf_percent$$00000010  c_w.l(_printf_llo.o)
    0x08000208   0x08000208   0x00000006   Code   RO         3739    .ARM.Collect$$_printf_percent$$00000011  c_w.l(_printf_llx.o)
    0x0800020e   0x0800020e   0x0000000a   Code   RO         3735    .ARM.Collect$$_printf_percent$$00000012  c_w.l(_printf_l.o)
    0x08000218   0x08000218   0x00000006   Code   RO         3719    .ARM.Collect$$_printf_percent$$00000013  c_w.l(_printf_c.o)
    0x0800021e   0x0800021e   0x00000006   Code   RO         3615    .ARM.Collect$$_printf_percent$$00000014  c_w.l(_printf_s.o)
    0x08000224   0x08000224   0x00000006   Code   RO         3736    .ARM.Collect$$_printf_percent$$00000015  c_w.l(_printf_lc.o)
    0x0800022a   0x0800022a   0x00000006   Code   RO         3737    .ARM.Collect$$_printf_percent$$00000016  c_w.l(_printf_ls.o)
    0x08000230   0x08000230   0x00000004   Code   RO         3730    .ARM.Collect$$_printf_percent$$00000017  c_w.l(_printf_percent_end.o)
    0x08000234   0x08000234   0x00000002   Code   RO         3841    .ARM.Collect$$libinit$$00000000  c_w.l(libinit.o)
    0x08000236   0x08000236   0x00000000   Code   RO         3863    .ARM.Collect$$libinit$$00000002  c_w.l(libinit2.o)
    0x08000236   0x08000236   0x00000000   Code   RO         3865    .ARM.Collect$$libinit$$00000004  c_w.l(libinit2.o)
    0x08000236   0x08000236   0x00000000   Code   RO         3868    .ARM.Collect$$libinit$$0000000A  c_w.l(libinit2.o)
    0x08000236   0x08000236   0x00000000   Code   RO         3870    .ARM.Collect$$libinit$$0000000C  c_w.l(libinit2.o)
    0x08000236   0x08000236   0x00000000   Code   RO         3872    .ARM.Collect$$libinit$$0000000E  c_w.l(libinit2.o)
    0x08000236   0x08000236   0x00000006   Code   RO         3873    .ARM.Collect$$libinit$$0000000F  c_w.l(libinit2.o)
    0x0800023c   0x0800023c   0x00000000   Code   RO         3875    .ARM.Collect$$libinit$$00000011  c_w.l(libinit2.o)
    0x0800023c   0x0800023c   0x0000000c   Code   RO         3876    .ARM.Collect$$libinit$$00000012  c_w.l(libinit2.o)
    0x08000248   0x08000248   0x00000000   Code   RO         3877    .ARM.Collect$$libinit$$00000013  c_w.l(libinit2.o)
    0x08000248   0x08000248   0x00000000   Code   RO         3879    .ARM.Collect$$libinit$$00000015  c_w.l(libinit2.o)
    0x08000248   0x08000248   0x0000000a   Code   RO         3880    .ARM.Collect$$libinit$$00000016  c_w.l(libinit2.o)
    0x08000252   0x08000252   0x00000000   Code   RO         3881    .ARM.Collect$$libinit$$00000017  c_w.l(libinit2.o)
    0x08000252   0x08000252   0x00000000   Code   RO         3883    .ARM.Collect$$libinit$$00000019  c_w.l(libinit2.o)
    0x08000252   0x08000252   0x00000000   Code   RO         3885    .ARM.Collect$$libinit$$0000001B  c_w.l(libinit2.o)
    0x08000252   0x08000252   0x00000000   Code   RO         3887    .ARM.Collect$$libinit$$0000001D  c_w.l(libinit2.o)
    0x08000252   0x08000252   0x00000000   Code   RO         3889    .ARM.Collect$$libinit$$0000001F  c_w.l(libinit2.o)
    0x08000252   0x08000252   0x00000000   Code   RO         3891    .ARM.Collect$$libinit$$00000021  c_w.l(libinit2.o)
    0x08000252   0x08000252   0x00000000   Code   RO         3893    .ARM.Collect$$libinit$$00000023  c_w.l(libinit2.o)
    0x08000252   0x08000252   0x00000000   Code   RO         3895    .ARM.Collect$$libinit$$00000025  c_w.l(libinit2.o)
    0x08000252   0x08000252   0x00000000   Code   RO         3899    .ARM.Collect$$libinit$$0000002C  c_w.l(libinit2.o)
    0x08000252   0x08000252   0x00000000   Code   RO         3901    .ARM.Collect$$libinit$$0000002E  c_w.l(libinit2.o)
    0x08000252   0x08000252   0x00000000   Code   RO         3903    .ARM.Collect$$libinit$$00000030  c_w.l(libinit2.o)
    0x08000252   0x08000252   0x00000000   Code   RO         3905    .ARM.Collect$$libinit$$00000032  c_w.l(libinit2.o)
    0x08000252   0x08000252   0x00000002   Code   RO         3906    .ARM.Collect$$libinit$$00000033  c_w.l(libinit2.o)
    0x08000254   0x08000254   0x00000002   Code   RO         3937    .ARM.Collect$$libshutdown$$00000000  c_w.l(libshutdown.o)
    0x08000256   0x08000256   0x00000000   Code   RO         3963    .ARM.Collect$$libshutdown$$00000002  c_w.l(libshutdown2.o)
    0x08000256   0x08000256   0x00000000   Code   RO         3965    .ARM.Collect$$libshutdown$$00000004  c_w.l(libshutdown2.o)
    0x08000256   0x08000256   0x00000000   Code   RO         3968    .ARM.Collect$$libshutdown$$00000007  c_w.l(libshutdown2.o)
    0x08000256   0x08000256   0x00000000   Code   RO         3971    .ARM.Collect$$libshutdown$$0000000A  c_w.l(libshutdown2.o)
    0x08000256   0x08000256   0x00000000   Code   RO         3973    .ARM.Collect$$libshutdown$$0000000C  c_w.l(libshutdown2.o)
    0x08000256   0x08000256   0x00000000   Code   RO         3976    .ARM.Collect$$libshutdown$$0000000F  c_w.l(libshutdown2.o)
    0x08000256   0x08000256   0x00000002   Code   RO         3977    .ARM.Collect$$libshutdown$$00000010  c_w.l(libshutdown2.o)
    0x08000258   0x08000258   0x00000000   Code   RO         3668    .ARM.Collect$$rtentry$$00000000  c_w.l(__rtentry.o)
    0x08000258   0x08000258   0x00000000   Code   RO         3762    .ARM.Collect$$rtentry$$00000002  c_w.l(__rtentry2.o)
    0x08000258   0x08000258   0x00000006   Code   RO         3774    .ARM.Collect$$rtentry$$00000004  c_w.l(__rtentry4.o)
    0x0800025e   0x0800025e   0x00000000   Code   RO         3764    .ARM.Collect$$rtentry$$00000009  c_w.l(__rtentry2.o)
    0x0800025e   0x0800025e   0x00000004   Code   RO         3765    .ARM.Collect$$rtentry$$0000000A  c_w.l(__rtentry2.o)
    0x08000262   0x08000262   0x00000000   Code   RO         3767    .ARM.Collect$$rtentry$$0000000C  c_w.l(__rtentry2.o)
    0x08000262   0x08000262   0x00000008   Code   RO         3768    .ARM.Collect$$rtentry$$0000000D  c_w.l(__rtentry2.o)
    0x0800026a   0x0800026a   0x00000002   Code   RO         3849    .ARM.Collect$$rtexit$$00000000  c_w.l(rtexit.o)
    0x0800026c   0x0800026c   0x00000000   Code   RO         3910    .ARM.Collect$$rtexit$$00000002  c_w.l(rtexit2.o)
    0x0800026c   0x0800026c   0x00000004   Code   RO         3911    .ARM.Collect$$rtexit$$00000003  c_w.l(rtexit2.o)
    0x08000270   0x08000270   0x00000006   Code   RO         3912    .ARM.Collect$$rtexit$$00000004  c_w.l(rtexit2.o)
    0x08000276   0x08000276   0x00000002   PAD
    0x08000278   0x08000278   0x00000040   Code   RO           20    .text               startup_stm32f10x_hd.o
    0x080002b8   0x080002b8   0x00000024   Code   RO         3583    .text               c_w.l(vsprintf.o)
    0x080002dc   0x080002dc   0x0000002c   Code   RO         3585    .text               c_w.l(__2sprintf.o)
    0x08000308   0x08000308   0x00000052   Code   RO         3591    .text               c_w.l(_printf_str.o)
    0x0800035a   0x0800035a   0x00000002   PAD
    0x0800035c   0x0800035c   0x00000078   Code   RO         3593    .text               c_w.l(_printf_dec.o)
    0x080003d4   0x080003d4   0x00000188   Code   RO         3612    .text               c_w.l(__printf_flags_ss_wp.o)
    0x0800055c   0x0800055c   0x00000058   Code   RO         3618    .text               c_w.l(memcmp.o)
    0x080005b4   0x080005b4   0x0000003e   Code   RO         3622    .text               c_w.l(strlen.o)
    0x080005f2   0x080005f2   0x0000008a   Code   RO         3626    .text               c_w.l(rt_memcpy_v6.o)
    0x0800067c   0x0800067c   0x00000084   Code   RO         3628    .text               c_w.l(rt_memmove_v6.o)
    0x08000700   0x08000700   0x00000010   Code   RO         3630    .text               c_w.l(aeabi_memset.o)
    0x08000710   0x08000710   0x00000044   Code   RO         3632    .text               c_w.l(rt_memclr.o)
    0x08000754   0x08000754   0x0000004e   Code   RO         3634    .text               c_w.l(rt_memclr_w.o)
    0x080007a2   0x080007a2   0x00000006   Code   RO         3636    .text               c_w.l(heapauxi.o)
    0x080007a8   0x080007a8   0x0000004e   Code   RO         3673    .text               c_w.l(_printf_pad.o)
    0x080007f6   0x080007f6   0x00000024   Code   RO         3675    .text               c_w.l(_printf_truncate.o)
    0x0800081a   0x0800081a   0x000000b2   Code   RO         3677    .text               c_w.l(_printf_intcommon.o)
    0x080008cc   0x080008cc   0x00000028   Code   RO         3679    .text               c_w.l(_printf_charcount.o)
    0x080008f4   0x080008f4   0x00000030   Code   RO         3681    .text               c_w.l(_printf_char_common.o)
    0x08000924   0x08000924   0x0000000a   Code   RO         3683    .text               c_w.l(_sputc.o)
    0x0800092e   0x0800092e   0x0000002c   Code   RO         3685    .text               c_w.l(_printf_char.o)
    0x0800095a   0x0800095a   0x00000002   PAD
    0x0800095c   0x0800095c   0x000000bc   Code   RO         3687    .text               c_w.l(_printf_wctomb.o)
    0x08000a18   0x08000a18   0x0000007c   Code   RO         3690    .text               c_w.l(_printf_longlong_dec.o)
    0x08000a94   0x08000a94   0x00000070   Code   RO         3696    .text               c_w.l(_printf_oct_int_ll.o)
    0x08000b04   0x08000b04   0x00000094   Code   RO         3716    .text               c_w.l(_printf_hex_int_ll_ptr.o)
    0x08000b98   0x08000b98   0x00000064   Code   RO         3740    .text               c_w.l(rt_memcpy_w.o)
    0x08000bfc   0x08000bfc   0x0000007a   Code   RO         3742    .text               c_w.l(rt_memmove_w.o)
    0x08000c76   0x08000c76   0x0000008a   Code   RO         3778    .text               c_w.l(lludiv10.o)
    0x08000d00   0x08000d00   0x0000041e   Code   RO         3780    .text               c_w.l(_printf_fp_dec.o)
    0x0800111e   0x0800111e   0x00000002   PAD
    0x08001120   0x08001120   0x000002fc   Code   RO         3782    .text               c_w.l(_printf_fp_hex.o)
    0x0800141c   0x0800141c   0x0000002c   Code   RO         3787    .text               c_w.l(_printf_wchar.o)
    0x08001448   0x08001448   0x00000040   Code   RO         3789    .text               c_w.l(_wcrtomb.o)
    0x08001488   0x08001488   0x0000004a   Code   RO         3791    .text               c_w.l(sys_stackheap_outer.o)
    0x080014d2   0x080014d2   0x00000002   PAD
    0x080014d4   0x080014d4   0x00000010   Code   RO         3793    .text               c_w.l(rt_ctype_table.o)
    0x080014e4   0x080014e4   0x00000008   Code   RO         3798    .text               c_w.l(rt_locale_intlibspace.o)
    0x080014ec   0x080014ec   0x00000080   Code   RO         3800    .text               c_w.l(_printf_fp_infnan.o)
    0x0800156c   0x0800156c   0x000000e4   Code   RO         3802    .text               c_w.l(bigflt0.o)
    0x08001650   0x08001650   0x00000012   Code   RO         3830    .text               c_w.l(exit.o)
    0x08001662   0x08001662   0x00000002   PAD
    0x08001664   0x08001664   0x00000008   Code   RO         3846    .text               c_w.l(libspace.o)
    0x0800166c   0x0800166c   0x00000080   Code   RO         3860    .text               c_w.l(strcmpv7m.o)
    0x080016ec   0x080016ec   0x0000000c   Code   RO         3907    .text               c_w.l(sys_exit.o)
    0x080016f8   0x080016f8   0x00000002   Code   RO         3926    .text               c_w.l(use_no_semi.o)
    0x080016fa   0x080016fa   0x00000000   Code   RO         3928    .text               c_w.l(indicate_semi.o)
    0x080016fa   0x080016fa   0x0000003e   Code   RO         3805    CL$$btod_d2e        c_w.l(btod.o)
    0x08001738   0x08001738   0x00000046   Code   RO         3807    CL$$btod_d2e_denorm_low  c_w.l(btod.o)
    0x0800177e   0x0800177e   0x00000060   Code   RO         3806    CL$$btod_d2e_norm_op1  c_w.l(btod.o)
    0x080017de   0x080017de   0x00000338   Code   RO         3815    CL$$btod_div_common  c_w.l(btod.o)
    0x08001b16   0x08001b16   0x000000dc   Code   RO         3812    CL$$btod_e2e        c_w.l(btod.o)
    0x08001bf2   0x08001bf2   0x0000002a   Code   RO         3809    CL$$btod_ediv       c_w.l(btod.o)
    0x08001c1c   0x08001c1c   0x0000002a   Code   RO         3808    CL$$btod_emul       c_w.l(btod.o)
    0x08001c46   0x08001c46   0x00000244   Code   RO         3814    CL$$btod_mult_common  c_w.l(btod.o)
    0x08001e8a   0x08001e8a   0x00000004   Code   RO         3274    i.BusFault_Handler  stm32f10x_it.o
    0x08001e8e   0x08001e8e   0x00000002   PAD
    0x08001e90   0x08001e90   0x0000005c   Code   RO         3031    i.Config_Backup     config.o
    0x08001eec   0x08001eec   0x00000050   Code   RO         3034    i.Config_Loop       config.o
    0x08001f3c   0x08001f3c   0x00000024   Code   RO         3035    i.Config_Read       config.o
    0x08001f60   0x08001f60   0x000000a0   Code   RO         3039    i.Config_Write      config.o
    0x08002000   0x08002000   0x00000002   Code   RO         3275    i.DebugMon_Handler  stm32f10x_it.o
    0x08002002   0x08002002   0x00000002   PAD
    0x08002004   0x08002004   0x0000004c   Code   RO          607    i.FLASH_ErasePage   stm32f10x_flash.o
    0x08002050   0x08002050   0x00000034   Code   RO          608    i.FLASH_GetBank1Status  stm32f10x_flash.o
    0x08002084   0x08002084   0x00000014   Code   RO          617    i.FLASH_Lock        stm32f10x_flash.o
    0x08002098   0x08002098   0x00000040   Code   RO          620    i.FLASH_ProgramHalfWord  stm32f10x_flash.o
    0x080020d8   0x080020d8   0x00000018   Code   RO          625    i.FLASH_Unlock      stm32f10x_flash.o
    0x080020f0   0x080020f0   0x00000026   Code   RO          629    i.FLASH_WaitForLastOperation  stm32f10x_flash.o
    0x08002116   0x08002116   0x00000116   Code   RO          785    i.GPIO_Init         stm32f10x_gpio.o
    0x0800222c   0x0800222c   0x00000004   Code   RO          792    i.GPIO_ResetBits    stm32f10x_gpio.o
    0x08002230   0x08002230   0x00000004   Code   RO          793    i.GPIO_SetBits      stm32f10x_gpio.o
    0x08002234   0x08002234   0x0000000c   Code   RO         2401    i.Get_MillisecTimer_NBIOT_delay  timer.o
    0x08002240   0x08002240   0x0000000c   Code   RO         2403    i.Get_SysTick       timer.o
    0x0800224c   0x0800224c   0x0000000c   Code   RO         2404    i.Get_SysmilliTick  timer.o
    0x08002258   0x08002258   0x0000000c   Code   RO         3376    i.Get_login_success_flag  user_m5310.o
    0x08002264   0x08002264   0x00000008   Code   RO         3276    i.HardFault_Handler  stm32f10x_it.o
    0x0800226c   0x0800226c   0x00000004   Code   RO         3277    i.MemManage_Handler  stm32f10x_it.o
    0x08002270   0x08002270   0x000003d8   Code   RO         3377    i.NBIOT_AT_loop     user_m5310.o
    0x08002648   0x08002648   0x00000010   Code   RO         3378    i.NBIOT_Pipe_Reset  user_m5310.o
    0x08002658   0x08002658   0x00000098   Code   RO         3379    i.NBIOT_Report_Data  user_m5310.o
    0x080026f0   0x080026f0   0x0000006c   Code   RO         3380    i.NBIOT_Status_Reset  user_m5310.o
    0x0800275c   0x0800275c   0x0000003c   Code   RO         3381    i.NBIOT_init        user_m5310.o
    0x08002798   0x08002798   0x000000ac   Code   RO         3382    i.NBIOT_loop        user_m5310.o
    0x08002844   0x08002844   0x0000008c   Code   RO         2644    i.NBIOT_normal_output  m5310_hard.o
    0x080028d0   0x080028d0   0x000000d4   Code   RO         3383    i.NBIOT_parse_AT_loop  user_m5310.o
    0x080029a4   0x080029a4   0x0000000c   Code   RO         3384    i.NBIOT_power_reset  user_m5310.o
    0x080029b0   0x080029b0   0x00000028   Code   RO         3385    i.NBIOT_task        user_m5310.o
    0x080029d8   0x080029d8   0x0000008c   Code   RO         3386    i.NBIOT_updata_loop  user_m5310.o
    0x08002a64   0x08002a64   0x0000002a   Code   RO         3145    i.NMEA_Pow          public.o
    0x08002a8e   0x08002a8e   0x0000029a   Code   RO         3146    i.NMEA_Str2num      public.o
    0x08002d28   0x08002d28   0x00000002   Code   RO         3278    i.NMI_Handler       stm32f10x_it.o
    0x08002d2a   0x08002d2a   0x0000000c   Code   RO         2388    i.NVIC_Configuration  sys.o
    0x08002d36   0x08002d36   0x00000002   PAD
    0x08002d38   0x08002d38   0x00000070   Code   RO           24    i.NVIC_Init         misc.o
    0x08002da8   0x08002da8   0x00000014   Code   RO           25    i.NVIC_PriorityGroupConfig  misc.o
    0x08002dbc   0x08002dbc   0x000000a4   Code   RO         3387    i.Nbiot_AT_CGATT    user_m5310.o
    0x08002e60   0x08002e60   0x000000f0   Code   RO         3388    i.Nbiot_AT_CGREG    user_m5310.o
    0x08002f50   0x08002f50   0x00000094   Code   RO         3389    i.Nbiot_AT_CGSN     user_m5310.o
    0x08002fe4   0x08002fe4   0x00000094   Code   RO         3390    i.Nbiot_AT_CIMI     user_m5310.o
    0x08003078   0x08003078   0x0000011c   Code   RO         3391    i.Nbiot_AT_CSQ      user_m5310.o
    0x08003194   0x08003194   0x00000044   Code   RO         3392    i.Nbiot_AT_MIPLADDOBJ  user_m5310.o
    0x080031d8   0x080031d8   0x00000058   Code   RO         3393    i.Nbiot_AT_MIPLCLOSE  user_m5310.o
    0x08003230   0x08003230   0x00000084   Code   RO         3394    i.Nbiot_AT_MIPLCREATE  user_m5310.o
    0x080032b4   0x080032b4   0x00000044   Code   RO         3395    i.Nbiot_AT_MIPLDEL  user_m5310.o
    0x080032f8   0x080032f8   0x00000044   Code   RO         3396    i.Nbiot_AT_MIPLDELOBJ  user_m5310.o
    0x0800333c   0x0800333c   0x00000044   Code   RO         3397    i.Nbiot_AT_MIPLNOTIFY  user_m5310.o
    0x08003380   0x08003380   0x000000e0   Code   RO         3398    i.Nbiot_AT_MIPLOPEN  user_m5310.o
    0x08003460   0x08003460   0x00000002   Code   RO         3399    i.Nbiot_AT_Reset    user_m5310.o
    0x08003462   0x08003462   0x00000002   PAD
    0x08003464   0x08003464   0x0000008c   Code   RO         3400    i.Nbiot_AT_Test     user_m5310.o
    0x080034f0   0x080034f0   0x00000002   Code   RO         3279    i.PendSV_Handler    stm32f10x_it.o
    0x080034f2   0x080034f2   0x00000032   Code   RO         3147    i.Pipe1_Remove      public.o
    0x08003524   0x08003524   0x0000001c   Code   RO         3148    i.Pipe1_Reset       public.o
    0x08003540   0x08003540   0x00000092   Code   RO         3149    i.Pipe_Block_Input  public.o
    0x080035d2   0x080035d2   0x00000002   PAD
    0x080035d4   0x080035d4   0x00000020   Code   RO         1003    i.RCC_APB1PeriphClockCmd  stm32f10x_rcc.o
    0x080035f4   0x080035f4   0x00000020   Code   RO         1004    i.RCC_APB1PeriphResetCmd  stm32f10x_rcc.o
    0x08003614   0x08003614   0x00000020   Code   RO         1005    i.RCC_APB2PeriphClockCmd  stm32f10x_rcc.o
    0x08003634   0x08003634   0x00000020   Code   RO         1006    i.RCC_APB2PeriphResetCmd  stm32f10x_rcc.o
    0x08003654   0x08003654   0x000000d4   Code   RO         1013    i.RCC_GetClocksFreq  stm32f10x_rcc.o
    0x08003728   0x08003728   0x00000050   Code   RO         2352    i.STMFLASH_Read     stmflash.o
    0x08003778   0x08003778   0x00000006   Code   RO         2353    i.STMFLASH_ReadHalfWord  stmflash.o
    0x0800377e   0x0800377e   0x00000002   PAD
    0x08003780   0x08003780   0x00000174   Code   RO         2354    i.STMFLASH_Write    stmflash.o
    0x080038f4   0x080038f4   0x00000026   Code   RO         2355    i.STMFLASH_Write_NoCheck  stmflash.o
    0x0800391a   0x0800391a   0x00000002   Code   RO         3280    i.SVC_Handler       stm32f10x_it.o
    0x0800391c   0x0800391c   0x00000008   Code   RO         3341    i.SetSysClock       system_stm32f10x.o
    0x08003924   0x08003924   0x000000e0   Code   RO         3342    i.SetSysClockTo72   system_stm32f10x.o
    0x08003a04   0x08003a04   0x0000000c   Code   RO         2406    i.Set_MillisecTimer_NBIOT_delay  timer.o
    0x08003a10   0x08003a10   0x00000028   Code   RO         3153    i.SoftReset         public.o
    0x08003a38   0x08003a38   0x0000003c   Code   RO         2797    i.SoftTimer         main.o
    0x08003a74   0x08003a74   0x00000028   Code   RO           28    i.SysTick_CLKSourceConfig  misc.o
    0x08003a9c   0x08003a9c   0x00000002   Code   RO         3281    i.SysTick_Handler   stm32f10x_it.o
    0x08003a9e   0x08003a9e   0x00000002   PAD
    0x08003aa0   0x08003aa0   0x00000060   Code   RO         3344    i.SystemInit        system_stm32f10x.o
    0x08003b00   0x08003b00   0x0000004c   Code   RO         2409    i.TIM3_IRQHandler   timer.o
    0x08003b4c   0x08003b4c   0x00000060   Code   RO         2410    i.TIM3_Int_Init     timer.o
    0x08003bac   0x08003bac   0x00000064   Code   RO         2412    i.TIM4_IRQHandler   timer.o
    0x08003c10   0x08003c10   0x00000060   Code   RO         2413    i.TIM4_Int_Init     timer.o
    0x08003c70   0x08003c70   0x00000006   Code   RO         1452    i.TIM_ClearITPendingBit  stm32f10x_tim.o
    0x08003c76   0x08003c76   0x00000018   Code   RO         1457    i.TIM_Cmd           stm32f10x_tim.o
    0x08003c8e   0x08003c8e   0x00000022   Code   RO         1478    i.TIM_GetITStatus   stm32f10x_tim.o
    0x08003cb0   0x08003cb0   0x00000012   Code   RO         1482    i.TIM_ITConfig      stm32f10x_tim.o
    0x08003cc2   0x08003cc2   0x00000002   PAD
    0x08003cc4   0x08003cc4   0x000000a4   Code   RO         1528    i.TIM_TimeBaseInit  stm32f10x_tim.o
    0x08003d68   0x08003d68   0x00000080   Code   RO         2496    i.USART1_IRQHandler  usart.o
    0x08003de8   0x08003de8   0x0000003c   Code   RO         2497    i.USART2_IRQHandler  usart.o
    0x08003e24   0x08003e24   0x00000080   Code   RO         2498    i.USART3_IRQHandler  usart.o
    0x08003ea4   0x08003ea4   0x00000018   Code   RO         1996    i.USART_Cmd         stm32f10x_usart.o
    0x08003ebc   0x08003ebc   0x0000009c   Code   RO         1998    i.USART_DeInit      stm32f10x_usart.o
    0x08003f58   0x08003f58   0x0000001a   Code   RO         1999    i.USART_GetFlagStatus  stm32f10x_usart.o
    0x08003f72   0x08003f72   0x00000054   Code   RO         2000    i.USART_GetITStatus  stm32f10x_usart.o
    0x08003fc6   0x08003fc6   0x0000004a   Code   RO         2002    i.USART_ITConfig    stm32f10x_usart.o
    0x08004010   0x08004010   0x000000d8   Code   RO         2003    i.USART_Init        stm32f10x_usart.o
    0x080040e8   0x080040e8   0x0000000a   Code   RO         2010    i.USART_ReceiveData  stm32f10x_usart.o
    0x080040f2   0x080040f2   0x00000008   Code   RO         2013    i.USART_SendData    stm32f10x_usart.o
    0x080040fa   0x080040fa   0x00000004   Code   RO         3282    i.UsageFault_Handler  stm32f10x_it.o
    0x080040fe   0x080040fe   0x00000028   Code   RO         3844    i.__ARM_fpclassify  m_ws.l(fpclassify.o)
    0x08004126   0x08004126   0x0000000e   Code   RO         3605    i._is_digit         c_w.l(__printf_wp.o)
    0x08004134   0x08004134   0x0000002c   Code   RO         2832    i.chip_read_flash   chip_flash.o
    0x08004160   0x08004160   0x0000002c   Code   RO         2834    i.chip_write_flash  chip_flash.o
    0x0800418c   0x0800418c   0x00000044   Code   RO         2271    i.delay_init        delay.o
    0x080041d0   0x080041d0   0x00000036   Code   RO         2798    i.main              main.o
    0x08004206   0x08004206   0x0000004c   Code   RO         2893    i.my_memmem         common.o
    0x08004252   0x08004252   0x00000002   PAD
    0x08004254   0x08004254   0x00000038   Code   RO         2685    i.nbiot_power_init  nbiot_power.o
    0x0800428c   0x0800428c   0x00000034   Code   RO         2687    i.nbiot_power_loop  nbiot_power.o
    0x080042c0   0x080042c0   0x0000001c   Code   RO         2688    i.nbiot_power_off   nbiot_power.o
    0x080042dc   0x080042dc   0x0000001c   Code   RO         2689    i.nbiot_power_on    nbiot_power.o
    0x080042f8   0x080042f8   0x0000001c   Code   RO         2690    i.nbiot_power_reset  nbiot_power.o
    0x08004314   0x08004314   0x00000014   Code   RO         2500    i.reset_uart_pipe1  usart.o
    0x08004328   0x08004328   0x00000018   Code   RO         2501    i.reset_uart_pipe2  usart.o
    0x08004340   0x08004340   0x00000020   Code   RO         2502    i.reset_uart_pipe3  usart.o
    0x08004360   0x08004360   0x000000ac   Code   RO         2503    i.uart1_init        usart.o
    0x0800440c   0x0800440c   0x00000034   Code   RO         2504    i.uart1_output      usart.o
    0x08004440   0x08004440   0x0000004c   Code   RO         2505    i.uart1_printf      usart.o
    0x0800448c   0x0800448c   0x000000ac   Code   RO         2506    i.uart2_init        usart.o
    0x08004538   0x08004538   0x00000034   Code   RO         2507    i.uart2_output      usart.o
    0x0800456c   0x0800456c   0x0000004c   Code   RO         2508    i.uart2_printf      usart.o
    0x080045b8   0x080045b8   0x000000b0   Code   RO         2509    i.uart3_init        usart.o
    0x08004668   0x08004668   0x00000038   Code   RO         2512    i.uart_init         usart.o
    0x080046a0   0x080046a0   0x00000070   Code   RO         2300    i.user_led_init     led.o
    0x08004710   0x08004710   0x00000054   Code   RO         2301    i.user_led_loop     led.o
    0x08004764   0x08004764   0x00000038   Code   RO         2302    i.user_led_milliloop  led.o
    0x0800479c   0x0800479c   0x0000000c   Code   RO         2303    i.user_led_task     led.o
    0x080047a8   0x080047a8   0x0000002c   Code   RO         3828    locale$$code        c_w.l(lc_numeric_c.o)
    0x080047d4   0x080047d4   0x0000002c   Code   RO         3854    locale$$code        c_w.l(lc_ctype_c.o)
    0x08004800   0x08004800   0x00000004   Code   RO         3752    x$fpl$printf1       fz_ws.l(printf1.o)
    0x08004804   0x08004804   0x00000004   Code   RO         3754    x$fpl$printf2       fz_ws.l(printf2.o)
    0x08004808   0x08004808   0x00000000   Code   RO         3760    x$fpl$usenofp       fz_ws.l(usenofp.o)
    0x08004808   0x08004808   0x00000011   Data   RO         3613    .constdata          c_w.l(__printf_flags_ss_wp.o)
    0x08004819   0x08004819   0x00000003   PAD
    0x0800481c   0x0800481c   0x00000008   Data   RO         3688    .constdata          c_w.l(_printf_wctomb.o)
    0x08004824   0x08004824   0x00000028   Data   RO         3717    .constdata          c_w.l(_printf_hex_int_ll_ptr.o)
    0x0800484c   0x0800484c   0x00000026   Data   RO         3783    .constdata          c_w.l(_printf_fp_hex.o)
    0x08004872   0x08004872   0x00000002   PAD
    0x08004874   0x08004874   0x00000094   Data   RO         3803    .constdata          c_w.l(bigflt0.o)
    0x08004908   0x08004908   0x0000007d   Data   RO         3402    .conststring        user_m5310.o
    0x08004985   0x08004985   0x00000003   PAD
    0x08004988   0x08004988   0x00000020   Data   RO         3978    Region$$Table       anon$$obj.o
    0x080049a8   0x080049a8   0x0000001c   Data   RO         3827    locale$$data        c_w.l(lc_numeric_c.o)
    0x080049c4   0x080049c4   0x00000110   Data   RO         3853    locale$$data        c_w.l(lc_ctype_c.o)


    Execution Region RW_IRAM1 (Exec base: 0x20000000, Load base: 0x08004ad4, Size: 0x00002988, Max: 0x00005000, ABSOLUTE)

    Exec Addr    Load Addr    Size         Type   Attr      Idx    E Section Name        Object

    0x20000000   0x08004ad4   0x00000014   Data   RW         1033    .data               stm32f10x_rcc.o
    0x20000014   0x08004ae8   0x00000004   Data   RW         2274    .data               delay.o
    0x20000018   0x08004aec   0x0000000c   Data   RW         2304    .data               led.o
    0x20000024   0x08004af8   0x0000001c   Data   RW         2414    .data               timer.o
    0x20000040   0x08004b14   0x00000020   Data   RW         2514    .data               usart.o
    0x20000060   0x08004b34   0x00000010   Data   RW         2647    .data               m5310_hard.o
    0x20000070   0x08004b44   0x00000009   Data   RW         2691    .data               nbiot_power.o
    0x20000079   0x08004b4d   0x00000003   PAD
    0x2000007c   0x08004b50   0x00000004   Data   RW         2799    .data               main.o
    0x20000080   0x08004b54   0x00000018   Data   RW         3045    .data               config.o
    0x20000098   0x08004b6c   0x00000014   Data   RW         3345    .data               system_stm32f10x.o
    0x200000ac   0x08004b80   0x00000048   Data   RW         3403    .data               user_m5310.o
    0x200000f4        -       0x00001000   Zero   RW         2356    .bss                stmflash.o
    0x200010f4        -       0x00000ae6   Zero   RW         2513    .bss                usart.o
    0x20001bda        -       0x0000012c   Zero   RW         2646    .bss                m5310_hard.o
    0x20001d06        -       0x00000200   Zero   RW         3044    .bss                config.o
    0x20001f06        -       0x00000400   Zero   RW         3156    .bss                public.o
    0x20002306        -       0x00000020   Zero   RW         3401    .bss                user_m5310.o
    0x20002326   0x08004bc8   0x00000002   PAD
    0x20002328        -       0x00000060   Zero   RW         3847    .bss                c_w.l(libspace.o)
    0x20002388        -       0x00000200   Zero   RW           18    HEAP                startup_stm32f10x_hd.o
    0x20002588        -       0x00000400   Zero   RW           17    STACK               startup_stm32f10x_hd.o


==============================================================================

Image component sizes


      Code (inc. data)   RO Data    RW Data    ZI Data      Debug   Object Name

        88          0          0          0          0       1417   chip_flash.o
        76          0          0          0          0        840   common.o
       368         52          0         24        512       4722   config.o
         0          0          0          0          0       4540   core_cm3.o
        68         18          0          4          0        629   delay.o
         0          0          0          0          0        628   dht11.o
       264         42          0         12          0       3412   led.o
       140         10          0         16        300       1240   m5310_hard.o
       114         22          0          4          0        899   main.o
       172         22          0          0          0     228793   misc.o
       192         36          0          9          0       2738   nbiot_power.o
       972         10          0          0       1024      21426   public.o
        64         26        304          0       1536        800   startup_stm32f10x_hd.o
       274         30          0          0          0       9874   stm32f10x_flash.o
       286          0          0          0          0       3100   stm32f10x_gpio.o
        30          0          0          0          0       3838   stm32f10x_it.o
       340         44          0         20          0       5676   stm32f10x_rcc.o
       246         42          0          0          0      24030   stm32f10x_tim.o
       598         28          0          0          0       6900   stm32f10x_usart.o
       496         10          0          0       4096       3894   stmflash.o
        12          0          0          0          0        441   sys.o
       328         28          0         20          0       2185   system_stm32f10x.o
       416         78          0         28          0       4651   timer.o
      1224        110          0         32       2790      10738   usart.o
      3750       1236        125         72         32      15819   user_m5310.o

    ----------------------------------------------------------------------
     10536       1844        464        244      10292     363230   Object Totals
         0          0         32          0          0          0   (incl. Generated)
        18          0          3          3          2          0   (incl. Padding)

    ----------------------------------------------------------------------

      Code (inc. data)   RO Data    RW Data    ZI Data      Debug   Library Member Name

        44          6          0          0          0         84   __2sprintf.o
         8          0          0          0          0         68   __main.o
       392          4         17          0          0         92   __printf_flags_ss_wp.o
        14          0          0          0          0         68   __printf_wp.o
         0          0          0          0          0          0   __rtentry.o
        12          0          0          0          0          0   __rtentry2.o
         6          0          0          0          0          0   __rtentry4.o
        52          8          0          0          0          0   __scatter.o
        26          0          0          0          0          0   __scatter_copy.o
        28          0          0          0          0          0   __scatter_zi.o
         6          0          0          0          0          0   _printf_a.o
         6          0          0          0          0          0   _printf_c.o
        44          0          0          0          0        108   _printf_char.o
        48          6          0          0          0         96   _printf_char_common.o
        40          0          0          0          0         68   _printf_charcount.o
         6          0          0          0          0          0   _printf_d.o
       120         16          0          0          0         92   _printf_dec.o
         6          0          0          0          0          0   _printf_e.o
         6          0          0          0          0          0   _printf_f.o
      1054          0          0          0          0        216   _printf_fp_dec.o
       764          8         38          0          0        100   _printf_fp_hex.o
       128         16          0          0          0         84   _printf_fp_infnan.o
         6          0          0          0          0          0   _printf_g.o
       148          4         40          0          0        160   _printf_hex_int_ll_ptr.o
         6          0          0          0          0          0   _printf_i.o
       178          0          0          0          0         88   _printf_intcommon.o
        10          0          0          0          0          0   _printf_l.o
         6          0          0          0          0          0   _printf_lc.o
        10          0          0          0          0          0   _printf_ll.o
         6          0          0          0          0          0   _printf_lld.o
         6          0          0          0          0          0   _printf_lli.o
         6          0          0          0          0          0   _printf_llo.o
         6          0          0          0          0          0   _printf_llu.o
         6          0          0          0          0          0   _printf_llx.o
       124         16          0          0          0         92   _printf_longlong_dec.o
         6          0          0          0          0          0   _printf_ls.o
         6          0          0          0          0          0   _printf_n.o
         6          0          0          0          0          0   _printf_o.o
       112         10          0          0          0        124   _printf_oct_int_ll.o
         6          0          0          0          0          0   _printf_p.o
        78          0          0          0          0        108   _printf_pad.o
         0          0          0          0          0          0   _printf_percent.o
         4          0          0          0          0          0   _printf_percent_end.o
         6          0          0          0          0          0   _printf_s.o
        82          0          0          0          0         80   _printf_str.o
        36          0          0          0          0         84   _printf_truncate.o
         6          0          0          0          0          0   _printf_u.o
        44          0          0          0          0        108   _printf_wchar.o
       188          6          8          0          0         92   _printf_wctomb.o
         6          0          0          0          0          0   _printf_x.o
        10          0          0          0          0         68   _sputc.o
        64          0          0          0          0         92   _wcrtomb.o
        16          0          0          0          0         68   aeabi_memset.o
       228          4        148          0          0         96   bigflt0.o
      1936        128          0          0          0        672   btod.o
        18          0          0          0          0         80   exit.o
         6          0          0          0          0        152   heapauxi.o
         0          0          0          0          0          0   indicate_semi.o
        44         10        272          0          0         76   lc_ctype_c.o
        44         10         28          0          0         76   lc_numeric_c.o
         2          0          0          0          0          0   libinit.o
        30          0          0          0          0          0   libinit2.o
         2          0          0          0          0          0   libshutdown.o
         2          0          0          0          0          0   libshutdown2.o
         8          4          0          0         96         68   libspace.o
       138          0          0          0          0         80   lludiv10.o
        88          0          0          0          0         76   memcmp.o
        16          4          0          0          0         76   rt_ctype_table.o
         8          4          0          0          0         68   rt_locale_intlibspace.o
        68          0          0          0          0         68   rt_memclr.o
        78          0          0          0          0         80   rt_memclr_w.o
       138          0          0          0          0         68   rt_memcpy_v6.o
       100          0          0          0          0         80   rt_memcpy_w.o
       132          0          0          0          0         68   rt_memmove_v6.o
       122          0          0          0          0         80   rt_memmove_w.o
         2          0          0          0          0          0   rtexit.o
        10          0          0          0          0          0   rtexit2.o
       128          0          0          0          0         68   strcmpv7m.o
        62          0          0          0          0         76   strlen.o
        12          4          0          0          0         68   sys_exit.o
        74          0          0          0          0         80   sys_stackheap_outer.o
         2          0          0          0          0         68   use_no_semi.o
        36          4          0          0          0         76   vsprintf.o
         4          0          0          0          0         68   printf1.o
         4          0          0          0          0         68   printf2.o
         0          0          0          0          0          0   usenofp.o
        40          0          0          0          0         68   fpclassify.o

    ----------------------------------------------------------------------
      7600        272        556          0         96       4844   Library Totals
        14          0          5          0          0          0   (incl. Padding)

    ----------------------------------------------------------------------

      Code (inc. data)   RO Data    RW Data    ZI Data      Debug   Library Name

      7538        272        551          0         96       4640   c_w.l
         8          0          0          0          0        136   fz_ws.l
        40          0          0          0          0         68   m_ws.l

    ----------------------------------------------------------------------
      7600        272        556          0         96       4844   Library Totals

    ----------------------------------------------------------------------

==============================================================================


      Code (inc. data)   RO Data    RW Data    ZI Data      Debug   

     18136       2116       1020        244      10388     359334   Grand Totals
     18136       2116       1020        244      10388     359334   ELF Image Totals
     18136       2116       1020        244          0          0   ROM Totals

==============================================================================

    Total RO  Size (Code + RO Data)                19156 (  18.71kB)
    Total RW  Size (RW Data + ZI Data)             10632 (  10.38kB)
    Total ROM Size (Code + RO Data + RW Data)      19400 (  18.95kB)

==============================================================================

